Archive member included to satisfy reference by file (symbol)

.pio/build/bluepill_f103c8/libFrameworkArduino.a(HardwareSerial.cpp.o)
                              .pio/build/bluepill_f103c8/src/main.cpp.o (HardwareSerial::available())
.pio/build/bluepill_f103c8/libFrameworkArduino.a(Stream.cpp.o)
                              .pio/build/bluepill_f103c8/libFrameworkArduino.a(HardwareSerial.cpp.o) (Stream::readBytes(char*, unsigned int))
.pio/build/bluepill_f103c8/libFrameworkArduino.a(WString.cpp.o)
                              .pio/build/bluepill_f103c8/libFrameworkArduino.a(Stream.cpp.o) (String::String(char const*))
.pio/build/bluepill_f103c8/libFrameworkArduino.a(dtostrf.c.o)
                              .pio/build/bluepill_f103c8/libFrameworkArduino.a(WString.cpp.o) (dtostrf)
.pio/build/bluepill_f103c8/libFrameworkArduino.a(itoa.c.o)
                              .pio/build/bluepill_f103c8/libFrameworkArduino.a(WString.cpp.o) (ltoa)
.pio/build/bluepill_f103c8/libFrameworkArduino.a(main.cpp.o)
                              /home/develop/.platformio/packages/toolchain-gccarmnoneeabi/bin/../lib/gcc/arm-none-eabi/12.3.1/../../../../arm-none-eabi/lib/thumb/v7-m/nofp/crt0.o (main)
.pio/build/bluepill_f103c8/libFrameworkArduino.a(pins_arduino.c.o)
                              .pio/build/bluepill_f103c8/SrcWrapper/src/HardwareTimer.cpp.o (pinNametoDigitalPin)
.pio/build/bluepill_f103c8/libFrameworkArduino.a(wiring_digital.c.o)
                              .pio/build/bluepill_f103c8/SrcWrapper/src/HardwareTimer.cpp.o (pinMode)
.pio/build/bluepill_f103c8/libFrameworkArduino.a(wiring_time.c.o)
                              .pio/build/bluepill_f103c8/src/main.cpp.o (millis)
.pio/build/bluepill_f103c8/libFrameworkArduino.a(Print.cpp.o)
                              .pio/build/bluepill_f103c8/libFrameworkArduino.a(Stream.cpp.o) (Print::write(unsigned char const*, unsigned int))
.pio/build/bluepill_f103c8/libFrameworkArduino.a(WSerial.cpp.o)
                              .pio/build/bluepill_f103c8/libFrameworkArduino.a(main.cpp.o) (serialEventRun())
.pio/build/bluepill_f103c8/libFrameworkArduino.a(board.c.o)
                              .pio/build/bluepill_f103c8/libFrameworkArduino.a(main.cpp.o) (init)
.pio/build/bluepill_f103c8/libFrameworkArduino.a(hooks.c.o)
                              .pio/build/bluepill_f103c8/libFrameworkArduino.a(wiring_time.c.o) (yield)
.pio/build/bluepill_f103c8/libFrameworkArduino.a(wiring_analog.c.o)
                              .pio/build/bluepill_f103c8/libFrameworkArduino.a(wiring_digital.c.o) (g_anOutputPinConfigured)
/home/develop/.platformio/packages/toolchain-gccarmnoneeabi/bin/../lib/gcc/arm-none-eabi/12.3.1/thumb/v7-m/nofp/libgcc.a(_arm_muldf3.o)
                              .pio/build/bluepill_f103c8/SrcWrapper/src/HardwareTimer.cpp.o (__aeabi_dmul)
/home/develop/.platformio/packages/toolchain-gccarmnoneeabi/bin/../lib/gcc/arm-none-eabi/12.3.1/thumb/v7-m/nofp/libgcc.a(_arm_mulsf3.o)
                              .pio/build/bluepill_f103c8/libFrameworkArduino.a(Stream.cpp.o) (__aeabi_fmul)
/home/develop/.platformio/packages/toolchain-gccarmnoneeabi/bin/../lib/gcc/arm-none-eabi/12.3.1/thumb/v7-m/nofp/libgcc.a(_arm_addsubdf3.o)
                              .pio/build/bluepill_f103c8/libFrameworkArduino.a(dtostrf.c.o) (__aeabi_dsub)
/home/develop/.platformio/packages/toolchain-gccarmnoneeabi/bin/../lib/gcc/arm-none-eabi/12.3.1/thumb/v7-m/nofp/libgcc.a(_arm_muldivdf3.o)
                              .pio/build/bluepill_f103c8/SrcWrapper/src/HardwareTimer.cpp.o (__aeabi_ddiv)
/home/develop/.platformio/packages/toolchain-gccarmnoneeabi/bin/../lib/gcc/arm-none-eabi/12.3.1/thumb/v7-m/nofp/libgcc.a(_arm_cmpdf2.o)
                              .pio/build/bluepill_f103c8/libFrameworkArduino.a(dtostrf.c.o) (__aeabi_dcmplt)
/home/develop/.platformio/packages/toolchain-gccarmnoneeabi/bin/../lib/gcc/arm-none-eabi/12.3.1/thumb/v7-m/nofp/libgcc.a(_arm_unorddf2.o)
                              .pio/build/bluepill_f103c8/libFrameworkArduino.a(Print.cpp.o) (__aeabi_dcmpun)
/home/develop/.platformio/packages/toolchain-gccarmnoneeabi/bin/../lib/gcc/arm-none-eabi/12.3.1/thumb/v7-m/nofp/libgcc.a(_arm_fixdfsi.o)
                              .pio/build/bluepill_f103c8/libFrameworkArduino.a(dtostrf.c.o) (__aeabi_d2iz)
/home/develop/.platformio/packages/toolchain-gccarmnoneeabi/bin/../lib/gcc/arm-none-eabi/12.3.1/thumb/v7-m/nofp/libgcc.a(_arm_fixunsdfsi.o)
                              .pio/build/bluepill_f103c8/SrcWrapper/src/HardwareTimer.cpp.o (__aeabi_d2uiz)
/home/develop/.platformio/packages/toolchain-gccarmnoneeabi/bin/../lib/gcc/arm-none-eabi/12.3.1/thumb/v7-m/nofp/libgcc.a(_arm_truncdfsf2.o)
                              .pio/build/bluepill_f103c8/libFrameworkArduino.a(Stream.cpp.o) (__aeabi_d2f)
/home/develop/.platformio/packages/toolchain-gccarmnoneeabi/bin/../lib/gcc/arm-none-eabi/12.3.1/thumb/v7-m/nofp/libgcc.a(_arm_addsubsf3.o)
[...]
Memory Configuration

Name             Origin             Length             Attributes
*default*        0x00000000         0xffffffff
RAM              0x20000000         0x00005000         xrw
FLASH            0x08000000         0x00010000         xr

Linker script and memory map

                0x20005000                        _estack = (ORIGIN (RAM) + LENGTH (RAM))
                0x00000200                        _Min_Heap_Size = 0x200
                0x00000400                        _Min_Stack_Size = 0x400

.isr_vector     0x08000000      0x10c
                0x08000000                        . = ALIGN (0x4)
 *(.isr_vector)
 .isr_vector    0x08000000      0x10c .pio/build/bluepill_f103c8/FrameworkArduinoVariant/startup_M200_f103xb.S.o
                0x08000000                g_pfnVectors
                0x0800010c                        . = ALIGN (0x4)

.text           0x0800010c     0x2c20
                0x0800010c                        . = ALIGN (0x4)
 *(.text)
 *(.text*)
 .text.__do_global_dtors_aux
                0x0800010c       0x24 /home/develop/.platformio/packages/toolchain-gccarmnoneeabi/bin/../lib/gcc/arm-none-eabi/12.3.1/thumb/v7-m/nofp/crtbegin.o
 .text.frame_dummy
                0x08000130       0x1c /home/develop/.platformio/packages/toolchain-gccarmnoneeabi/bin/../lib/gcc/arm-none-eabi/12.3.1/thumb/v7-m/nofp/crtbegin.o
 .text.Reset_Handler
                0x0800014c       0x60 .pio/build/bluepill_f103c8/FrameworkArduinoVariant/startup_M200_f103xb.S.o
                0x0800014c                Reset_Handler
 .text.Default_Handler
                0x080001ac        0x4 .pio/build/bluepill_f103c8/FrameworkArduinoVariant/startup_M200_f103xb.S.o
                0x080001ac                RTC_Alarm_IRQHandler
                0x080001ac                DebugMon_Handler
                0x080001ac                HardFault_Handler
                0x080001ac                PVD_IRQHandler
                0x080001ac                PendSV_Handler
                0x080001ac                NMI_Handler
                0x080001ac                I2C2_EV_IRQHandler
                0x080001ac                UsageFault_Handler
                0x080001ac                ADC1_2_IRQHandler
                0x080001ac                SPI1_IRQHandler
                0x080001ac                TAMPER_IRQHandler
                0x080001ac                DMA1_Channel4_IRQHandler
                0x080001ac                RTC_IRQHandler
                0x080001ac                DMA1_Channel7_IRQHandler
                0x080001ac                CAN1_RX1_IRQHandler
                0x080001ac                I2C1_EV_IRQHandler
                0x080001ac                DMA1_Channel6_IRQHandler
                0x080001ac                RCC_IRQHandler
                0x080001ac                TIM1_TRG_COM_IRQHandler
                0x080001ac                DMA1_Channel1_IRQHandler
                0x080001ac                Default_Handler
                0x080001ac                SPI2_IRQHandler
                0x080001ac                MemManage_Handler
                0x080001ac                SVC_Handler
                0x080001ac                DMA1_Channel5_IRQHandler
                0x080001ac                USB_LP_CAN1_RX0_IRQHandler
                0x080001ac                USB_HP_CAN1_TX_IRQHandler
                0x080001ac                DMA1_Channel3_IRQHandler
                0x080001ac                WWDG_IRQHandler
                0x080001ac                TIM1_BRK_IRQHandler
                0x080001ac                I2C2_ER_IRQHandler
                0x080001ac                DMA1_Channel2_IRQHandler
                0x080001ac                CAN1_SCE_IRQHandler
                0x080001ac                FLASH_IRQHandler
                0x080001ac                BusFault_Handler
                0x080001ac                I2C1_ER_IRQHandler
                0x080001ac                USBWakeUp_IRQHandler
 .text.SystemClock_Config
                0x080001b0       0x7c .pio/build/bluepill_f103c8/FrameworkArduinoVariant/variant_PILL_F103Cx.cpp.o
                0x080001b0                SystemClock_Config
 .text.HAL_MspInit
                0x0800022c        0x2 .pio/build/bluepill_f103c8/SrcWrapper/src/HAL/stm32yyxx_hal.c.o
                0x0800022c                HAL_MspInit
 *fill*         0x0800022e        0x2 
 .text.HAL_InitTick
                0x08000230       0x48 .pio/build/bluepill_f103c8/SrcWrapper/src/HAL/stm32yyxx_hal.c.o
                0x08000230                HAL_InitTick
 .text.HAL_Init
                0x08000278       0x24 .pio/build/bluepill_f103c8/SrcWrapper/src/HAL/stm32yyxx_hal.c.o
                0x08000278                HAL_Init
 .text.HAL_IncTick
                0x0800029c       0x18 .pio/build/bluepill_f103c8/SrcWrapper/src/HAL/stm32yyxx_hal.c.o
                0x0800029c                HAL_IncTick
 .text.HAL_GetTick
                0x080002b4        0xc .pio/build/bluepill_f103c8/SrcWrapper/src/HAL/stm32yyxx_hal.c.o
                0x080002b4                HAL_GetTick
 .text.HAL_NVIC_SetPriorityGrouping
                0x080002c0       0x24 .pio/build/bluepill_f103c8/SrcWrapper/src/HAL/stm32yyxx_hal_cortex.c.o
                0x080002c0                HAL_NVIC_SetPriorityGrouping
 .text.HAL_NVIC_SetPriority
                0x080002e4       0x60 .pio/build/bluepill_f103c8/SrcWrapper/src/HAL/stm32yyxx_hal_cortex.c.o
                0x080002e4                HAL_NVIC_SetPriority
 .text.HAL_NVIC_EnableIRQ
                0x08000344       0x1c .pio/build/bluepill_f103c8/SrcWrapper/src/HAL/stm32yyxx_hal_cortex.c.o
                0x08000344                HAL_NVIC_EnableIRQ
 .text.HAL_NVIC_DisableIRQ
                0x08000360       0x24 .pio/build/bluepill_f103c8/SrcWrapper/src/HAL/stm32yyxx_hal_cortex.c.o
                0x08000360                HAL_NVIC_DisableIRQ
 .text.HAL_SYSTICK_Config
                0x08000384       0x28 .pio/build/bluepill_f103c8/SrcWrapper/src/HAL/stm32yyxx_hal_cortex.c.o
                0x08000384                HAL_SYSTICK_Config
 .text.HAL_NVIC_ClearPendingIRQ
                0x080003ac       0x1c .pio/build/bluepill_f103c8/SrcWrapper/src/HAL/stm32yyxx_hal_cortex.c.o
                0x080003ac                HAL_NVIC_ClearPendingIRQ
 .text.HAL_SYSTICK_Callback
                0x080003c8        0x2 .pio/build/bluepill_f103c8/SrcWrapper/src/HAL/stm32yyxx_hal_cortex.c.o
                0x080003c8                HAL_SYSTICK_Callback
 .text.HAL_SYSTICK_IRQHandler
                0x080003ca        0x8 .pio/build/bluepill_f103c8/SrcWrapper/src/HAL/stm32yyxx_hal_cortex.c.o
                0x080003ca                HAL_SYSTICK_IRQHandler
 .text.HAL_CRC_MspInit
                0x080003d2        0x2 .pio/build/bluepill_f103c8/SrcWrapper/src/HAL/stm32yyxx_hal_crc.c.o
                0x080003d2                HAL_CRC_MspInit
 .text.HAL_CRC_Init
                0x080003d4       0x20 .pio/build/bluepill_f103c8/SrcWrapper/src/HAL/stm32yyxx_hal_crc.c.o
                0x080003d4                HAL_CRC_Init
 .text.HAL_DMA_Abort
                0x080003f4       0x3e .pio/build/bluepill_f103c8/SrcWrapper/src/HAL/stm32yyxx_hal_dma.c.o
                0x080003f4                HAL_DMA_Abort
 *fill*         0x08000432        0x2 
 .text.HAL_DMA_Abort_IT
                0x08000434       0x8c .pio/build/bluepill_f103c8/SrcWrapper/src/HAL/stm32yyxx_hal_dma.c.o
                0x08000434                HAL_DMA_Abort_IT
 .text.HAL_GPIO_EXTI_IRQHandler
                0x080004c0       0x18 .pio/build/bluepill_f103c8/SrcWrapper/src/HAL/stm32yyxx_hal_gpio.c.o
                0x080004c0                HAL_GPIO_EXTI_IRQHandler
 .text.HAL_RCC_OscConfig
                0x080004d8      0x338 .pio/build/bluepill_f103c8/SrcWrapper/src/HAL/stm32yyxx_hal_rcc.c.o
                0x080004d8                HAL_RCC_OscConfig
 .text.HAL_RCC_GetSysClockFreq
                0x08000810       0x4c .pio/build/bluepill_f103c8/SrcWrapper/src/HAL/stm32yyxx_hal_rcc.c.o
                0x08000810                HAL_RCC_GetSysClockFreq
 .text.HAL_RCC_ClockConfig
                0x0800085c      0x138 .pio/build/bluepill_f103c8/SrcWrapper/src/HAL/stm32yyxx_hal_rcc.c.o
                0x0800085c                HAL_RCC_ClockConfig
 .text.HAL_RCC_GetPCLK1Freq
                0x08000994       0x20 .pio/build/bluepill_f103c8/SrcWrapper/src/HAL/stm32yyxx_hal_rcc.c.o
                0x08000994                HAL_RCC_GetPCLK1Freq
 .text.HAL_RCC_GetPCLK2Freq
                0x080009b4       0x20 .pio/build/bluepill_f103c8/SrcWrapper/src/HAL/stm32yyxx_hal_rcc.c.o
                0x080009b4                HAL_RCC_GetPCLK2Freq
 .text.HAL_RCCEx_PeriphCLKConfig
                0x080009d4       0xf4 .pio/build/bluepill_f103c8/SrcWrapper/src/HAL/stm32yyxx_hal_rcc_ex.c.o
                0x080009d4                HAL_RCCEx_PeriphCLKConfig
 .text.HAL_TIM_PWM_PulseFinishedCallback
                0x08000ac8        0x2 .pio/build/bluepill_f103c8/SrcWrapper/src/HAL/stm32yyxx_hal_tim.c.o
                0x08000ac8                HAL_TIM_PWM_PulseFinishedCallback
 .text.HAL_TIM_TriggerCallback
                0x08000aca        0x2 .pio/build/bluepill_f103c8/SrcWrapper/src/HAL/stm32yyxx_hal_tim.c.o
                0x08000aca                HAL_TIM_TriggerCallback
 .text.HAL_TIM_IRQHandler
                0x08000acc      0x128 .pio/build/bluepill_f103c8/SrcWrapper/src/HAL/stm32yyxx_hal_tim.c.o
                0x08000acc                HAL_TIM_IRQHandler
 .text.TIM_Base_SetConfig
                0x08000bf4       0x64 .pio/build/bluepill_f103c8/SrcWrapper/src/HAL/stm32yyxx_hal_tim.c.o
                0x08000bf4                TIM_Base_SetConfig
 .text.HAL_TIM_Base_Init
                0x08000c58       0x58 .pio/build/bluepill_f103c8/SrcWrapper/src/HAL/stm32yyxx_hal_tim.c.o
                0x08000c58                HAL_TIM_Base_Init
 .text.HAL_TIMEx_CommutCallback
                0x08000cb0        0x2 .pio/build/bluepill_f103c8/SrcWrapper/src/HAL/stm32yyxx_hal_tim_ex.c.o
                0x08000cb0                HAL_TIMEx_CommutCallback
 .text.HAL_TIMEx_BreakCallback
                0x08000cb2        0x2 .pio/build/bluepill_f103c8/SrcWrapper/src/HAL/stm32yyxx_hal_tim_ex.c.o
                0x08000cb2                HAL_TIMEx_BreakCallback
 .text.UART_EndRxTransfer
                0x08000cb4       0x5c .pio/build/bluepill_f103c8/SrcWrapper/src/HAL/stm32yyxx_hal_uart.c.o
 .text.UART_SetConfig
                0x08000d10       0x74 .pio/build/bluepill_f103c8/SrcWrapper/src/HAL/stm32yyxx_hal_uart.c.o
 .text.HAL_UART_MspInit
                0x08000d84        0x2 .pio/build/bluepill_f103c8/SrcWrapper/src/HAL/stm32yyxx_hal_uart.c.o
                0x08000d84                HAL_UART_MspInit
 .text.HAL_UART_Init
                0x08000d86       0x5e .pio/build/bluepill_f103c8/SrcWrapper/src/HAL/stm32yyxx_hal_uart.c.o
                0x08000d86                HAL_UART_Init
 .text.HAL_HalfDuplex_Init
                0x08000de4       0x66 .pio/build/bluepill_f103c8/SrcWrapper/src/HAL/stm32yyxx_hal_uart.c.o
                0x08000de4                HAL_HalfDuplex_Init
 .text.HAL_UART_Transmit_IT
                0x08000e4a       0x32 .pio/build/bluepill_f103c8/SrcWrapper/src/HAL/stm32yyxx_hal_uart.c.o
                0x08000e4a                HAL_UART_Transmit_IT
 .text.UART_DMAAbortOnError
                0x08000e7c       0x10 .pio/build/bluepill_f103c8/SrcWrapper/src/HAL/stm32yyxx_hal_uart.c.o
 .text.HAL_UARTEx_RxEventCallback
                0x08000e8c        0x2 .pio/build/bluepill_f103c8/SrcWrapper/src/HAL/stm32yyxx_hal_uart.c.o
                0x08000e8c                HAL_UARTEx_RxEventCallback
 .text.UART_Receive_IT.isra.0
                0x08000e8e       0xb6 .pio/build/bluepill_f103c8/SrcWrapper/src/HAL/stm32yyxx_hal_uart.c.o
 .text.HAL_UART_IRQHandler
                0x08000f44      0x2d8 .pio/build/bluepill_f103c8/SrcWrapper/src/HAL/stm32yyxx_hal_uart.c.o
                0x08000f44                HAL_UART_IRQHandler
 .text.HAL_HalfDuplex_EnableTransmitter
                0x0800121c       0x30 .pio/build/bluepill_f103c8/SrcWrapper/src/HAL/stm32yyxx_hal_uart.c.o
                0x0800121c                HAL_HalfDuplex_EnableTransmitter
 .text.HAL_HalfDuplex_EnableReceiver
                0x0800124c       0x30 .pio/build/bluepill_f103c8/SrcWrapper/src/HAL/stm32yyxx_hal_uart.c.o
                0x0800124c                HAL_HalfDuplex_EnableReceiver
 .text.HAL_UART_GetState
                0x0800127c        0xc .pio/build/bluepill_f103c8/SrcWrapper/src/HAL/stm32yyxx_hal_uart.c.o
                0x0800127c                HAL_UART_GetState
 .text.UART_Start_Receive_IT
                0x08001288       0x32 .pio/build/bluepill_f103c8/SrcWrapper/src/HAL/stm32yyxx_hal_uart.c.o
                0x08001288                UART_Start_Receive_IT
 .text.HAL_UART_Receive_IT
                0x080012ba       0x22 .pio/build/bluepill_f103c8/SrcWrapper/src/HAL/stm32yyxx_hal_uart.c.o
                0x080012ba                HAL_UART_Receive_IT
 .text._ZNSt8functionIFvvEEaSEDn.isra.0
                0x080012dc       0x16 .pio/build/bluepill_f103c8/SrcWrapper/src/HardwareTimer.cpp.o
 .text._ZNSt14_Function_baseD2Ev
                0x080012f2       0x12 .pio/build/bluepill_f103c8/SrcWrapper/src/HardwareTimer.cpp.o
                0x080012f2                std::_Function_base::~_Function_base()
                0x080012f2                std::_Function_base::~_Function_base()
 .text._Z15get_timer_indexP11TIM_TypeDef
                0x08001304       0x34 .pio/build/bluepill_f103c8/SrcWrapper/src/HardwareTimer.cpp.o
                0x08001304                get_timer_index(TIM_TypeDef*)
 .text._ZN13HardwareTimerD2Ev
                0x08001338       0x40 .pio/build/bluepill_f103c8/SrcWrapper/src/HardwareTimer.cpp.o
                0x08001338                HardwareTimer::~HardwareTimer()
                0x08001338                HardwareTimer::~HardwareTimer()
 .text._ZN13HardwareTimer5setupEP11TIM_TypeDef
                0x08001378       0x84 .pio/build/bluepill_f103c8/SrcWrapper/src/HardwareTimer.cpp.o
                0x08001378                HardwareTimer::setup(TIM_TypeDef*)
 .text.TIM1_UP_IRQHandler
                0x080013fc       0x14 .pio/build/bluepill_f103c8/SrcWrapper/src/HardwareTimer.cpp.o
                0x080013fc                TIM1_UP_IRQHandler
 .text.TIM1_CC_IRQHandler
                0x08001410        0x4 .pio/build/bluepill_f103c8/SrcWrapper/src/HardwareTimer.cpp.o
                0x08001410                TIM1_CC_IRQHandler
 .text.TIM2_IRQHandler
                0x08001414       0x14 .pio/build/bluepill_f103c8/SrcWrapper/src/HardwareTimer.cpp.o
                0x08001414                TIM2_IRQHandler
 .text.TIM3_IRQHandler
                0x08001428       0x14 .pio/build/bluepill_f103c8/SrcWrapper/src/HardwareTimer.cpp.o
                0x08001428                TIM3_IRQHandler
 .text.TIM4_IRQHandler
                0x0800143c       0x14 .pio/build/bluepill_f103c8/SrcWrapper/src/HardwareTimer.cpp.o
                0x0800143c                TIM4_IRQHandler
 .text._ZNSt8functionIFvvEEC2Ev
                0x08001450        0xc .pio/build/bluepill_f103c8/SrcWrapper/src/HardwareTimer.cpp.o
                0x08001450                std::function<void ()>::function()
                0x08001450                std::function<void ()>::function()
 .text._ZN13HardwareTimerC2EP11TIM_TypeDef
                0x0800145c       0x2a .pio/build/bluepill_f103c8/SrcWrapper/src/HardwareTimer.cpp.o
                0x0800145c                HardwareTimer::HardwareTimer(TIM_TypeDef*)
                0x0800145c                HardwareTimer::HardwareTimer(TIM_TypeDef*)
 .text._ZNKSt8functionIFvvEEclEv
                0x08001486       0x12 .pio/build/bluepill_f103c8/SrcWrapper/src/HardwareTimer.cpp.o
                0x08001486                std::function<void ()>::operator()() const
 .text._ZN13HardwareTimer14updateCallbackEP17TIM_HandleTypeDef
                0x08001498       0x18 .pio/build/bluepill_f103c8/SrcWrapper/src/HardwareTimer.cpp.o
                0x08001498                HardwareTimer::updateCallback(TIM_HandleTypeDef*)
 .text.HAL_TIM_PeriodElapsedCallback
                0x080014b0        0x4 .pio/build/bluepill_f103c8/SrcWrapper/src/HardwareTimer.cpp.o
                0x080014b0                HAL_TIM_PeriodElapsedCallback
 .text._ZN13HardwareTimer22captureCompareCallbackEP17TIM_HandleTypeDef
                0x080014b4       0x3e .pio/build/bluepill_f103c8/SrcWrapper/src/HardwareTimer.cpp.o
                0x080014b4                HardwareTimer::captureCompareCallback(TIM_HandleTypeDef*)
 .text.HAL_TIM_OC_DelayElapsedCallback
                0x080014f2        0x4 .pio/build/bluepill_f103c8/SrcWrapper/src/HardwareTimer.cpp.o
                0x080014f2                HAL_TIM_OC_DelayElapsedCallback
 .text.HAL_TIM_IC_CaptureCallback
                0x080014f6        0x4 .pio/build/bluepill_f103c8/SrcWrapper/src/HardwareTimer.cpp.o
                0x080014f6                HAL_TIM_IC_CaptureCallback
 .text._Znwj    0x080014fa        0x4 .pio/build/bluepill_f103c8/SrcWrapper/src/new.cpp.o
                0x080014fa                operator new(unsigned int)
 .text._ZdlPvj  0x080014fe        0x4 .pio/build/bluepill_f103c8/SrcWrapper/src/new.cpp.o
                0x080014fe                operator delete(void*, unsigned int)
 *fill*         0x08001502        0x2 
 .text.set_GPIO_Port_Clock
                0x08001504       0xa8 .pio/build/bluepill_f103c8/SrcWrapper/src/stm32/PortNames.c.o
                0x08001504                set_GPIO_Port_Clock
 .text.pwm_stop
                0x080015ac       0x5c .pio/build/bluepill_f103c8/SrcWrapper/src/stm32/analog.cpp.o
                0x080015ac                pwm_stop
 .text.getCurrentMillis
                0x08001608        0x4 .pio/build/bluepill_f103c8/SrcWrapper/src/stm32/clock.c.o
                0x08001608                getCurrentMillis
 .text.noOsSystickHandler
                0x0800160c        0x2 .pio/build/bluepill_f103c8/SrcWrapper/src/stm32/clock.c.o
                0x0800160c                noOsSystickHandler
                0x0800160c                osSystickHandler
 .text.SysTick_Handler
                0x0800160e       0x10 .pio/build/bluepill_f103c8/SrcWrapper/src/stm32/clock.c.o
                0x0800160e                SysTick_Handler
 .text.configHSECapacitorTuning
                0x0800161e        0x2 .pio/build/bluepill_f103c8/SrcWrapper/src/stm32/clock.c.o
                0x0800161e                configHSECapacitorTuning
 .text.configIPClock
                0x08001620       0x44 .pio/build/bluepill_f103c8/SrcWrapper/src/stm32/clock.c.o
                0x08001620                configIPClock
 .text.dwt_init
                0x08001664       0x3c .pio/build/bluepill_f103c8/SrcWrapper/src/stm32/dwt.c.o
                0x08001664                dwt_init
 .text.hw_config_init
                0x080016a0       0x24 .pio/build/bluepill_f103c8/SrcWrapper/src/stm32/hw_config.c.o
                0x080016a0                hw_config_init
 .text.startup._ZNSt8functionIFvvEEC2EDn.constprop.0.isra.0
                0x080016c4        0xc .pio/build/bluepill_f103c8/SrcWrapper/src/stm32/interrupt.cpp.o
 .text.HAL_GPIO_EXTI_Callback
                0x080016d0       0x2c .pio/build/bluepill_f103c8/SrcWrapper/src/stm32/interrupt.cpp.o
                0x080016d0                HAL_GPIO_EXTI_Callback
 .text.EXTI0_IRQHandler
                0x080016fc        0x6 .pio/build/bluepill_f103c8/SrcWrapper/src/stm32/interrupt.cpp.o
                0x080016fc                EXTI0_IRQHandler
 .text.EXTI1_IRQHandler
                0x08001702        0x6 .pio/build/bluepill_f103c8/SrcWrapper/src/stm32/interrupt.cpp.o
                0x08001702                EXTI1_IRQHandler
 .text.EXTI2_IRQHandler
                0x08001708        0x6 .pio/build/bluepill_f103c8/SrcWrapper/src/stm32/interrupt.cpp.o
                0x08001708                EXTI2_IRQHandler
 .text.EXTI3_IRQHandler
                0x0800170e        0x6 .pio/build/bluepill_f103c8/SrcWrapper/src/stm32/interrupt.cpp.o
                0x0800170e                EXTI3_IRQHandler
 .text.EXTI4_IRQHandler
                0x08001714        0x6 .pio/build/bluepill_f103c8/SrcWrapper/src/stm32/interrupt.cpp.o
                0x08001714                EXTI4_IRQHandler
 .text.EXTI9_5_IRQHandler
                0x0800171a       0x16 .pio/build/bluepill_f103c8/SrcWrapper/src/stm32/interrupt.cpp.o
                0x0800171a                EXTI9_5_IRQHandler
 .text.EXTI15_10_IRQHandler
                0x08001730       0x18 .pio/build/bluepill_f103c8/SrcWrapper/src/stm32/interrupt.cpp.o
                0x08001730                EXTI15_10_IRQHandler
 .text.startup._GLOBAL__sub_I__Z22stm32_interrupt_enableP12GPIO_TypeDeftSt8functionIFvvEEm
                0x08001748       0xd8 .pio/build/bluepill_f103c8/SrcWrapper/src/stm32/interrupt.cpp.o
 .text.exit._GLOBAL__sub_D__Z22stm32_interrupt_enableP12GPIO_TypeDeftSt8functionIFvvEEm
                0x08001820       0x1c .pio/build/bluepill_f103c8/SrcWrapper/src/stm32/interrupt.cpp.o
 .text.pin_SetF1AFPin
                0x0800183c      0x1f8 .pio/build/bluepill_f103c8/SrcWrapper/src/stm32/pinmap.c.o
 .text.LL_GPIO_SetPinMode
                0x08001a34       0x2c .pio/build/bluepill_f103c8/SrcWrapper/src/stm32/pinmap.c.o
 .text.LL_GPIO_SetPinOutputType
                0x08001a60       0x2c .pio/build/bluepill_f103c8/SrcWrapper/src/stm32/pinmap.c.o
 .text.pin_in_pinmap
                0x08001a8c       0x1e .pio/build/bluepill_f103c8/SrcWrapper/src/stm32/pinmap.c.o
                0x08001a8c                pin_in_pinmap
 *fill*         0x08001aaa        0x2 
 .text.pin_function
                0x08001aac      0x18c .pio/build/bluepill_f103c8/SrcWrapper/src/stm32/pinmap.c.o
                0x08001aac                pin_function
 .text.pinmap_pinout
                0x08001c38       0x1a .pio/build/bluepill_f103c8/SrcWrapper/src/stm32/pinmap.c.o
                0x08001c38                pinmap_pinout
 .text.pinmap_find_peripheral
                0x08001c52       0x16 .pio/build/bluepill_f103c8/SrcWrapper/src/stm32/pinmap.c.o
                0x08001c52                pinmap_find_peripheral
 .text.pinmap_peripheral
                0x08001c68        0xc .pio/build/bluepill_f103c8/SrcWrapper/src/stm32/pinmap.c.o
                0x08001c68                pinmap_peripheral
 .text.pinmap_find_pin
                0x08001c74       0x16 .pio/build/bluepill_f103c8/SrcWrapper/src/stm32/pinmap.c.o
                0x08001c74                pinmap_find_pin
 .text.pinmap_pin
                0x08001c8a        0xc .pio/build/bluepill_f103c8/SrcWrapper/src/stm32/pinmap.c.o
                0x08001c8a                pinmap_pin
 .text.pinmap_merge_peripheral
                0x08001c96       0x14 .pio/build/bluepill_f103c8/SrcWrapper/src/stm32/pinmap.c.o
                0x08001c96                pinmap_merge_peripheral
 *fill*         0x08001caa        0x2 
 .text.SystemInit
                0x08001cac       0x4c .pio/build/bluepill_f103c8/SrcWrapper/src/stm32/system_stm32yyxx.c.o
                0x08001cac                SystemInit
 .text.get_timer_obj
                0x08001cf8        0x4 .pio/build/bluepill_f103c8/SrcWrapper/src/stm32/timer.c.o
                0x08001cf8                get_timer_obj
 .text.enableTimerClock
                0x08001cfc       0x88 .pio/build/bluepill_f103c8/SrcWrapper/src/stm32/timer.c.o
                0x08001cfc                enableTimerClock
 .text.disableTimerClock
                0x08001d84       0x5c .pio/build/bluepill_f103c8/SrcWrapper/src/stm32/timer.c.o
                0x08001d84                disableTimerClock
 .text.getTimerUpIrq
                0x08001de0       0x40 .pio/build/bluepill_f103c8/SrcWrapper/src/stm32/timer.c.o
                0x08001de0                getTimerUpIrq
 .text.getTimerCCIrq
                0x08001e20       0x40 .pio/build/bluepill_f103c8/SrcWrapper/src/stm32/timer.c.o
                0x08001e20                getTimerCCIrq
 .text.HAL_TIM_Base_MspInit
                0x08001e60       0x4e .pio/build/bluepill_f103c8/SrcWrapper/src/stm32/timer.c.o
                0x08001e60                HAL_TIM_Base_MspInit
 *fill*         0x08001eae        0x2 
 .text.uart_init.part.0
                0x08001eb0      0x1c8 .pio/build/bluepill_f103c8/SrcWrapper/src/stm32/uart.c.o
 .text.uart_init
                0x08002078       0x12 .pio/build/bluepill_f103c8/SrcWrapper/src/stm32/uart.c.o
                0x08002078                uart_init
 *fill*         0x0800208a        0x2 
 .text.serial_rx_active
                0x0800208c       0x24 .pio/build/bluepill_f103c8/SrcWrapper/src/stm32/uart.c.o
                0x0800208c                serial_rx_active
 .text.serial_tx_active
                0x080020b0       0x24 .pio/build/bluepill_f103c8/SrcWrapper/src/stm32/uart.c.o
                0x080020b0                serial_tx_active
 .text.uart_getc
                0x080020d4       0x38 .pio/build/bluepill_f103c8/SrcWrapper/src/stm32/uart.c.o
                0x080020d4                uart_getc
 .text.uart_attach_rx_callback
                0x0800210c       0x40 .pio/build/bluepill_f103c8/SrcWrapper/src/stm32/uart.c.o
                0x0800210c                uart_attach_rx_callback
 .text.uart_attach_tx_callback
                0x0800214c       0x40 .pio/build/bluepill_f103c8/SrcWrapper/src/stm32/uart.c.o
                0x0800214c                uart_attach_tx_callback
 .text.uart_enable_tx
                0x0800218c       0x1c .pio/build/bluepill_f103c8/SrcWrapper/src/stm32/uart.c.o
                0x0800218c                uart_enable_tx
 .text.uart_enable_rx
                0x080021a8       0x1c .pio/build/bluepill_f103c8/SrcWrapper/src/stm32/uart.c.o
                0x080021a8                uart_enable_rx
 .text.HAL_UART_RxCpltCallback
                0x080021c4        0x6 .pio/build/bluepill_f103c8/SrcWrapper/src/stm32/uart.c.o
                0x080021c4                HAL_UART_RxCpltCallback
 .text.HAL_UART_TxCpltCallback
                0x080021ca        0x6 .pio/build/bluepill_f103c8/SrcWrapper/src/stm32/uart.c.o
                0x080021ca                HAL_UART_TxCpltCallback
 .text.HAL_UART_ErrorCallback
                0x080021d0       0x7c .pio/build/bluepill_f103c8/SrcWrapper/src/stm32/uart.c.o
                0x080021d0                HAL_UART_ErrorCallback
 .text.USART1_IRQHandler
                0x0800224c       0x18 .pio/build/bluepill_f103c8/SrcWrapper/src/stm32/uart.c.o
                0x0800224c                USART1_IRQHandler
 .text.USART2_IRQHandler
                0x08002264       0x1c .pio/build/bluepill_f103c8/SrcWrapper/src/stm32/uart.c.o
                0x08002264                USART2_IRQHandler
 .text.USART3_IRQHandler
                0x08002280       0x1c .pio/build/bluepill_f103c8/SrcWrapper/src/stm32/uart.c.o
                0x08002280                USART3_IRQHandler
 .text._sbrk    0x0800229c       0x3c .pio/build/bluepill_f103c8/SrcWrapper/src/syscalls.c.o
                0x0800229c                _sbrk
 .text._exit    0x080022d8        0x2 .pio/build/bluepill_f103c8/SrcWrapper/src/syscalls.c.o
                0x080022d8                _exit
 *fill*         0x080022da        0x2 
 .text._kill    0x080022dc       0x10 .pio/build/bluepill_f103c8/SrcWrapper/src/syscalls.c.o
                0x080022dc                _kill
 .text._getpid  0x080022ec        0x4 .pio/build/bluepill_f103c8/SrcWrapper/src/syscalls.c.o
                0x080022ec                _getpid
 .text.setup    0x080022f0       0x4c .pio/build/bluepill_f103c8/src/main.cpp.o
                0x080022f0                setup
 .text.loop     0x0800233c       0xd4 .pio/build/bluepill_f103c8/src/main.cpp.o
                0x0800233c                loop
 .text._ZN14HardwareSerial9availableEv
                0x08002410       0x10 .pio/build/bluepill_f103c8/libFrameworkArduino.a(HardwareSerial.cpp.o)
                0x08002410                HardwareSerial::available()
 .text._ZN14HardwareSerial4peekEv
                0x08002420       0x1a .pio/build/bluepill_f103c8/libFrameworkArduino.a(HardwareSerial.cpp.o)
                0x08002420                HardwareSerial::peek()
 .text._ZN14HardwareSerial17availableForWriteEv
                0x0800243a       0x1c .pio/build/bluepill_f103c8/libFrameworkArduino.a(HardwareSerial.cpp.o)
                0x0800243a                HardwareSerial::availableForWrite()
 .text._ZN14HardwareSerial5writeEh
                0x08002456       0x18 .pio/build/bluepill_f103c8/libFrameworkArduino.a(HardwareSerial.cpp.o)
                0x08002456                HardwareSerial::write(unsigned char)
 .text._ZN14HardwareSerial16_rx_complete_irqEP8serial_s
                0x0800246e       0x36 .pio/build/bluepill_f103c8/libFrameworkArduino.a(HardwareSerial.cpp.o)
                0x0800246e                HardwareSerial::_rx_complete_irq(serial_s*)
 .text._ZN14HardwareSerial16_tx_complete_irqEP8serial_s
                0x080024a4       0x60 .pio/build/bluepill_f103c8/libFrameworkArduino.a(HardwareSerial.cpp.o)
                0x080024a4                HardwareSerial::_tx_complete_irq(serial_s*)
 .text._ZN14HardwareSerial5writeEPKhj
                0x08002504       0xe4 .pio/build/bluepill_f103c8/libFrameworkArduino.a(HardwareSerial.cpp.o)
                0x08002504                HardwareSerial::write(unsigned char const*, unsigned int)
 .text._ZN14HardwareSerial4initE7PinNameS0_S0_S0_
                0x080025e8       0x32 .pio/build/bluepill_f103c8/libFrameworkArduino.a(HardwareSerial.cpp.o)
                0x080025e8                HardwareSerial::init(PinName, PinName, PinName, PinName)
 *fill*         0x0800261a        0x2 
 .text._ZN14HardwareSerialC2EPv16HalfDuplexMode_t
                0x0800261c       0x94 .pio/build/bluepill_f103c8/libFrameworkArduino.a(HardwareSerial.cpp.o)
                0x0800261c                HardwareSerial::HardwareSerial(void*, HalfDuplexMode_t)
                0x0800261c                HardwareSerial::HardwareSerial(void*, HalfDuplexMode_t)
 .text._ZN14HardwareSerial5flushEm
                0x080026b0       0x36 .pio/build/bluepill_f103c8/libFrameworkArduino.a(HardwareSerial.cpp.o)
                0x080026b0                HardwareSerial::flush(unsigned long)
 .text._ZN14HardwareSerial5flushEv
                0x080026e6        0x6 .pio/build/bluepill_f103c8/libFrameworkArduino.a(HardwareSerial.cpp.o)
                0x080026e6                HardwareSerial::flush()
 .text._ZN14HardwareSerial18enableHalfDuplexRxEv
                0x080026ec       0x2c .pio/build/bluepill_f103c8/libFrameworkArduino.a(HardwareSerial.cpp.o)
                0x080026ec                HardwareSerial::enableHalfDuplexRx()
 .text._ZN14HardwareSerial5beginEmh
                0x08002718       0x84 .pio/build/bluepill_f103c8/libFrameworkArduino.a(HardwareSerial.cpp.o)
                0x08002718                HardwareSerial::begin(unsigned long, unsigned char)
 .text._ZN14HardwareSerial4readEv
                0x0800279c       0x2e .pio/build/bluepill_f103c8/libFrameworkArduino.a(HardwareSerial.cpp.o)
                0x0800279c                HardwareSerial::read()
 *fill*         0x080027ca        0x2 
 .text.startup._GLOBAL__sub_I_Serial1
                0x080027cc       0x14 .pio/build/bluepill_f103c8/libFrameworkArduino.a(HardwareSerial.cpp.o)
 .text._ZN6Stream9timedReadEv
                0x080027e0       0x2a .pio/build/bluepill_f103c8/libFrameworkArduino.a(Stream.cpp.o)
                0x080027e0                Stream::timedRead()
 .text._ZN6Stream9readBytesEPcj
                0x0800280a       0x22 .pio/build/bluepill_f103c8/libFrameworkArduino.a(Stream.cpp.o)
                0x0800280a                Stream::readBytes(char*, unsigned int)
 .text._ZN6Stream14readBytesUntilEcPcj
                0x0800282c       0x30 .pio/build/bluepill_f103c8/libFrameworkArduino.a(Stream.cpp.o)
                0x0800282c                Stream::readBytesUntil(char, char*, unsigned int)
 .text.startup._Z7premainv
                0x0800285c       0x10 .pio/build/bluepill_f103c8/libFrameworkArduino.a(main.cpp.o)
                0x0800285c                premain()
 .text.startup.main
                0x0800286c       0x14 .pio/build/bluepill_f103c8/libFrameworkArduino.a(main.cpp.o)
                0x0800286c                main
 .text.pinMode  0x08002880       0xbc .pio/build/bluepill_f103c8/libFrameworkArduino.a(wiring_digital.c.o)
                0x08002880                pinMode
 .text.digitalWrite
                0x0800293c       0x74 .pio/build/bluepill_f103c8/libFrameworkArduino.a(wiring_digital.c.o)
                0x0800293c                digitalWrite
 .text.millis   0x080029b0        0x4 .pio/build/bluepill_f103c8/libFrameworkArduino.a(wiring_time.c.o)
                0x080029b0                millis
 .text._Z14serialEventRunv
                0x080029b4       0x1c .pio/build/bluepill_f103c8/libFrameworkArduino.a(WSerial.cpp.o)
                0x080029b4                serialEventRun()
 .text.init     0x080029d0        0x4 .pio/build/bluepill_f103c8/libFrameworkArduino.a(board.c.o)
                0x080029d0                init
 .text.unlikely._ZSt25__throw_bad_function_callv
                0x080029d4        0x6 /home/develop/.platformio/packages/toolchain-gccarmnoneeabi/bin/../lib/gcc/arm-none-eabi/12.3.1/../../../../arm-none-eabi/lib/thumb/v7-m/nofp/libstdc++_nano.a(functional.o)
                0x080029d4                std::__throw_bad_function_call()
 .text.abort    0x080029da        0xe /home/develop/.platformio/packages/toolchain-gccarmnoneeabi/bin/../lib/gcc/arm-none-eabi/12.3.1/../../../../arm-none-eabi/lib/thumb/v7-m/nofp/libc_nano.a(libc_a-abort.o)
                0x080029da                abort
 .text.malloc   0x080029e8       0x10 /home/develop/.platformio/packages/toolchain-gccarmnoneeabi/bin/../lib/gcc/arm-none-eabi/12.3.1/../../../../arm-none-eabi/lib/thumb/v7-m/nofp/libc_nano.a(libc_a-malloc.o)
                0x080029e8                malloc
 .text.free     0x080029f8       0x10 /home/develop/.platformio/packages/toolchain-gccarmnoneeabi/bin/../lib/gcc/arm-none-eabi/12.3.1/../../../../arm-none-eabi/lib/thumb/v7-m/nofp/libc_nano.a(libc_a-malloc.o)
                0x080029f8                free
 .text.sbrk_aligned
                0x08002a08       0x44 /home/develop/.platformio/packages/toolchain-gccarmnoneeabi/bin/../lib/gcc/arm-none-eabi/12.3.1/../../../../arm-none-eabi/lib/thumb/v7-m/nofp/libc_nano.a(libc_a-mallocr.o)
 .text._malloc_r
                0x08002a4c      0x100 /home/develop/.platformio/packages/toolchain-gccarmnoneeabi/bin/../lib/gcc/arm-none-eabi/12.3.1/../../../../arm-none-eabi/lib/thumb/v7-m/nofp/libc_nano.a(libc_a-mallocr.o)
                0x08002a4c                _malloc_r
 .text.__malloc_lock
                0x08002b4c        0xc /home/develop/.platformio/packages/toolchain-gccarmnoneeabi/bin/../lib/gcc/arm-none-eabi/12.3.1/../../../../arm-none-eabi/lib/thumb/v7-m/nofp/libc_nano.a(libc_a-mlock.o)
                0x08002b4c                __malloc_lock
 .text.__malloc_unlock
                0x08002b58        0xc /home/develop/.platformio/packages/toolchain-gccarmnoneeabi/bin/../lib/gcc/arm-none-eabi/12.3.1/../../../../arm-none-eabi/lib/thumb/v7-m/nofp/libc_nano.a(libc_a-mlock.o)
                0x08002b58                __malloc_unlock
 .text.memset   0x08002b64       0x10 /home/develop/.platformio/packages/toolchain-gccarmnoneeabi/bin/../lib/gcc/arm-none-eabi/12.3.1/../../../../arm-none-eabi/lib/thumb/v7-m/nofp/libc_nano.a(libc_a-memset.o)
                0x08002b64                memset
 .text._raise_r
                0x08002b74       0x50 /home/develop/.platformio/packages/toolchain-gccarmnoneeabi/bin/../lib/gcc/arm-none-eabi/12.3.1/../../../../arm-none-eabi/lib/thumb/v7-m/nofp/libc_nano.a(libc_a-signal.o)
                0x08002b74                _raise_r
 .text.raise    0x08002bc4       0x10 /home/develop/.platformio/packages/toolchain-gccarmnoneeabi/bin/../lib/gcc/arm-none-eabi/12.3.1/../../../../arm-none-eabi/lib/thumb/v7-m/nofp/libc_nano.a(libc_a-signal.o)
                0x08002bc4                raise
 .text._kill_r  0x08002bd4       0x24 /home/develop/.platformio/packages/toolchain-gccarmnoneeabi/bin/../lib/gcc/arm-none-eabi/12.3.1/../../../../arm-none-eabi/lib/thumb/v7-m/nofp/libc_nano.a(libc_a-signalr.o)
                0x08002bd4                _kill_r
 .text._getpid_r
                0x08002bf8        0x4 /home/develop/.platformio/packages/toolchain-gccarmnoneeabi/bin/../lib/gcc/arm-none-eabi/12.3.1/../../../../arm-none-eabi/lib/thumb/v7-m/nofp/libc_nano.a(libc_a-signalr.o)
                0x08002bf8                _getpid_r
 .text._sbrk_r  0x08002bfc       0x20 /home/develop/.platformio/packages/toolchain-gccarmnoneeabi/bin/../lib/gcc/arm-none-eabi/12.3.1/../../../../arm-none-eabi/lib/thumb/v7-m/nofp/libc_nano.a(libc_a-sbrkr.o)
                0x08002bfc                _sbrk_r
 .text.__libc_init_array
                0x08002c1c       0x48 /home/develop/.platformio/packages/toolchain-gccarmnoneeabi/bin/../lib/gcc/arm-none-eabi/12.3.1/../../../../arm-none-eabi/lib/thumb/v7-m/nofp/libc_nano.a(libc_a-init.o)
                0x08002c1c                __libc_init_array
 .text.__retarget_lock_acquire_recursive
                0x08002c64        0x2 /home/develop/.platformio/packages/toolchain-gccarmnoneeabi/bin/../lib/gcc/arm-none-eabi/12.3.1/../../../../arm-none-eabi/lib/thumb/v7-m/nofp/libc_nano.a(libc_a-lock.o)
                0x08002c64                __retarget_lock_acquire_recursive
 .text.__retarget_lock_release_recursive
                0x08002c66        0x2 /home/develop/.platformio/packages/toolchain-gccarmnoneeabi/bin/../lib/gcc/arm-none-eabi/12.3.1/../../../../arm-none-eabi/lib/thumb/v7-m/nofp/libc_nano.a(libc_a-lock.o)
                0x08002c66                __retarget_lock_release_recursive
 .text.memcpy   0x08002c68       0x1c /home/develop/.platformio/packages/toolchain-gccarmnoneeabi/bin/../lib/gcc/arm-none-eabi/12.3.1/../../../../arm-none-eabi/lib/thumb/v7-m/nofp/libc_nano.a(libc_a-memcpy-stub.o)
                0x08002c68                memcpy
 .text._free_r  0x08002c84       0x90 /home/develop/.platformio/packages/toolchain-gccarmnoneeabi/bin/../lib/gcc/arm-none-eabi/12.3.1/../../../../arm-none-eabi/lib/thumb/v7-m/nofp/libc_nano.a(libc_a-freer.o)
                0x08002c84                _free_r
 *(.glue_7)
 .glue_7        0x08002d14        0x0 linker stubs
 *(.glue_7t)
 .glue_7t       0x08002d14        0x0 linker stubs
 *(.eh_frame)
 .eh_frame      0x08002d14        0x0 /home/develop/.platformio/packages/toolchain-gccarmnoneeabi/bin/../lib/gcc/arm-none-eabi/12.3.1/thumb/v7-m/nofp/crtbegin.o
 *(.init)
 .init          0x08002d14        0x4 /home/develop/.platformio/packages/toolchain-gccarmnoneeabi/bin/../lib/gcc/arm-none-eabi/12.3.1/thumb/v7-m/nofp/crti.o
                0x08002d14                _init
 .init          0x08002d18        0x8 /home/develop/.platformio/packages/toolchain-gccarmnoneeabi/bin/../lib/gcc/arm-none-eabi/12.3.1/thumb/v7-m/nofp/crtn.o
 *(.fini)
 .fini          0x08002d20        0x4 /home/develop/.platformio/packages/toolchain-gccarmnoneeabi/bin/../lib/gcc/arm-none-eabi/12.3.1/thumb/v7-m/nofp/crti.o
                0x08002d20                _fini
 .fini          0x08002d24        0x8 /home/develop/.platformio/packages/toolchain-gccarmnoneeabi/bin/../lib/gcc/arm-none-eabi/12.3.1/thumb/v7-m/nofp/crtn.o
                0x08002d2c                        . = ALIGN (0x4)
                0x08002d2c                        _etext = .

.vfp11_veneer   0x08002d2c        0x0
 .vfp11_veneer  0x08002d2c        0x0 linker stubs

.v4_bx          0x08002d2c        0x0
 .v4_bx         0x08002d2c        0x0 linker stubs

.iplt           0x08002d2c        0x0
 .iplt          0x08002d2c        0x0 /home/develop/.platformio/packages/toolchain-gccarmnoneeabi/bin/../lib/gcc/arm-none-eabi/12.3.1/thumb/v7-m/nofp/crtbegin.o

.rodata         0x08002d2c      0x448
                0x08002d2c                        . = ALIGN (0x4)
 *(.rodata)
 *(.rodata*)
 .rodata.PinMap_UART_CTS
                0x08002d2c       0x3c .pio/build/bluepill_f103c8/FrameworkArduinoVariant/PeripheralPins.c.o
                0x08002d2c                PinMap_UART_CTS
 .rodata.PinMap_UART_RTS
                0x08002d68       0x3c .pio/build/bluepill_f103c8/FrameworkArduinoVariant/PeripheralPins.c.o
                0x08002d68                PinMap_UART_RTS
 .rodata.PinMap_UART_RX
                0x08002da4       0x3c .pio/build/bluepill_f103c8/FrameworkArduinoVariant/PeripheralPins.c.o
                0x08002da4                PinMap_UART_RX
 .rodata.PinMap_UART_TX
                0x08002de0       0x3c .pio/build/bluepill_f103c8/FrameworkArduinoVariant/PeripheralPins.c.o
                0x08002de0                PinMap_UART_TX
 .rodata.PinMap_TIM
                0x08002e1c      0x204 .pio/build/bluepill_f103c8/FrameworkArduinoVariant/PeripheralPins.c.o
                0x08002e1c                PinMap_TIM
 .rodata.analogInputPin
                0x08003020       0x28 .pio/build/bluepill_f103c8/FrameworkArduinoVariant/variant_PILL_F103Cx.cpp.o
                0x08003020                analogInputPin
 .rodata.digitalPin
                0x08003048       0x8c .pio/build/bluepill_f103c8/FrameworkArduinoVariant/variant_PILL_F103Cx.cpp.o
                0x08003048                digitalPin
 .rodata.aPredivFactorTable.0
                0x080030d4        0x2 .pio/build/bluepill_f103c8/SrcWrapper/src/HAL/stm32yyxx_hal_rcc.c.o
 .rodata.aPLLMULFactorTable.1
                0x080030d6       0x10 .pio/build/bluepill_f103c8/SrcWrapper/src/HAL/stm32yyxx_hal_rcc.c.o
 *fill*         0x080030e6        0x2 
 .rodata.pin_map_ll
                0x080030e8       0x40 .pio/build/bluepill_f103c8/SrcWrapper/src/stm32/pinmap.c.o
                0x080030e8                pin_map_ll
 .rodata.APBPrescTable
                0x08003128        0x8 .pio/build/bluepill_f103c8/SrcWrapper/src/stm32/system_stm32yyxx.c.o
                0x08003128                APBPrescTable
 .rodata.AHBPrescTable
                0x08003130       0x10 .pio/build/bluepill_f103c8/SrcWrapper/src/stm32/system_stm32yyxx.c.o
                0x08003130                AHBPrescTable
 .rodata.CSWTCH.73
                0x08003140        0x5 .pio/build/bluepill_f103c8/libFrameworkArduino.a(HardwareSerial.cpp.o)
 *fill*         0x08003145        0x3 
 .rodata._ZTV14HardwareSerial
                0x08003148       0x2c .pio/build/bluepill_f103c8/libFrameworkArduino.a(HardwareSerial.cpp.o)
                0x08003148                vtable for HardwareSerial
                0x08003174                        . = ALIGN (0x4)

.ARM.extab      0x08003174        0x0
                0x08003174                        . = ALIGN (0x4)
 *(.ARM.extab* .gnu.linkonce.armextab.*)
                0x08003174                        . = ALIGN (0x4)

.ARM            0x08003174        0x0
                0x08003174                        . = ALIGN (0x4)
                0x08003174                        __exidx_start = .
 *(.ARM.exidx*)
                0x08003174                        __exidx_end = .
                0x08003174                        . = ALIGN (0x4)

.preinit_array  0x08003174        0x0
                0x08003174                        . = ALIGN (0x4)
                0x08003174                        PROVIDE (__preinit_array_start = .)
 *(.preinit_array*)
                0x08003174                        PROVIDE (__preinit_array_end = .)
                0x08003174                        . = ALIGN (0x4)

.init_array     0x08003174       0x10
                0x08003174                        . = ALIGN (0x4)
                0x08003174                        PROVIDE (__init_array_start = .)
 *(SORT_BY_NAME(.init_array.*))
 .init_array.00101
                0x08003174        0x4 .pio/build/bluepill_f103c8/libFrameworkArduino.a(main.cpp.o)
 *(.init_array*)
 .init_array    0x08003178        0x4 /home/develop/.platformio/packages/toolchain-gccarmnoneeabi/bin/../lib/gcc/arm-none-eabi/12.3.1/thumb/v7-m/nofp/crtbegin.o
 .init_array    0x0800317c        0x4 .pio/build/bluepill_f103c8/SrcWrapper/src/stm32/interrupt.cpp.o
 .init_array    0x08003180        0x4 .pio/build/bluepill_f103c8/libFrameworkArduino.a(HardwareSerial.cpp.o)
                0x08003184                        PROVIDE (__init_array_end = .)
                0x08003184                        . = ALIGN (0x4)

.fini_array     0x08003184        0x8
                0x08003184                        . = ALIGN (0x4)
                0x08003184                        PROVIDE (__fini_array_start = .)
 *(SORT_BY_NAME(.fini_array.*))
 *(.fini_array*)
 .fini_array    0x08003184        0x4 /home/develop/.platformio/packages/toolchain-gccarmnoneeabi/bin/../lib/gcc/arm-none-eabi/12.3.1/thumb/v7-m/nofp/crtbegin.o
 .fini_array    0x08003188        0x4 .pio/build/bluepill_f103c8/SrcWrapper/src/stm32/interrupt.cpp.o
                0x0800318c                        PROVIDE (__fini_array_end = .)
                0x0800318c                        . = ALIGN (0x4)
                0x0800318c                        _sidata = LOADADDR (.data)

.rel.dyn        0x0800318c        0x0
 .rel.iplt      0x0800318c        0x0 /home/develop/.platformio/packages/toolchain-gccarmnoneeabi/bin/../lib/gcc/arm-none-eabi/12.3.1/thumb/v7-m/nofp/crtbegin.o

.data           0x20000000       0x7c load address 0x0800318c
                0x20000000                        . = ALIGN (0x4)
                0x20000000                        _sdata = .
 *(.data)
 *(.data*)
 .data.uwTickFreq
                0x20000000        0x1 .pio/build/bluepill_f103c8/SrcWrapper/src/HAL/stm32yyxx_hal.c.o
                0x20000000                uwTickFreq
 *fill*         0x20000001        0x3 
 .data.uwTickPrio
                0x20000004        0x4 .pio/build/bluepill_f103c8/SrcWrapper/src/HAL/stm32yyxx_hal.c.o
                0x20000004                uwTickPrio
 .data.GPIOPort
                0x20000008       0x14 .pio/build/bluepill_f103c8/SrcWrapper/src/stm32/PortNames.c.o
                0x20000008                GPIOPort
 .data.hcrc     0x2000001c        0x8 .pio/build/bluepill_f103c8/SrcWrapper/src/stm32/hw_config.c.o
                0x2000001c                hcrc
 .data.SystemCoreClock
                0x20000024        0x4 .pio/build/bluepill_f103c8/SrcWrapper/src/stm32/system_stm32yyxx.c.o
                0x20000024                SystemCoreClock
 .data.heap_end.0
                0x20000028        0x4 .pio/build/bluepill_f103c8/SrcWrapper/src/syscalls.c.o
 .data._impure_ptr
                0x2000002c        0x4 /home/develop/.platformio/packages/toolchain-gccarmnoneeabi/bin/../lib/gcc/arm-none-eabi/12.3.1/../../../../arm-none-eabi/lib/thumb/v7-m/nofp/libc_nano.a(libc_a-impure.o)
                0x2000002c                _impure_ptr
 .data._impure_data
                0x20000030       0x4c /home/develop/.platformio/packages/toolchain-gccarmnoneeabi/bin/../lib/gcc/arm-none-eabi/12.3.1/../../../../arm-none-eabi/lib/thumb/v7-m/nofp/libc_nano.a(libc_a-impure.o)
                0x20000030                _impure_data
 *(.RamFunc)
 *(.RamFunc*)
                0x2000007c                        . = ALIGN (0x4)
                0x2000007c                        _edata = .

.igot.plt       0x2000007c        0x0 load address 0x08003208
 .igot.plt      0x2000007c        0x0 /home/develop/.platformio/packages/toolchain-gccarmnoneeabi/bin/../lib/gcc/arm-none-eabi/12.3.1/thumb/v7-m/nofp/crtbegin.o
                0x2000007c                        . = ALIGN (0x4)

.bss            0x2000007c      0x404 load address 0x08003208
                0x2000007c                        _sbss = .
                0x2000007c                        __bss_start__ = _sbss
 *(.bss)
 *(.bss*)
 .bss.completed.1
                0x2000007c        0x1 /home/develop/.platformio/packages/toolchain-gccarmnoneeabi/bin/../lib/gcc/arm-none-eabi/12.3.1/thumb/v7-m/nofp/crtbegin.o
 *fill*         0x2000007d        0x3 
 .bss.object.0  0x20000080       0x18 /home/develop/.platformio/packages/toolchain-gccarmnoneeabi/bin/../lib/gcc/arm-none-eabi/12.3.1/thumb/v7-m/nofp/crtbegin.o
 .bss.uwTick    0x20000098        0x4 .pio/build/bluepill_f103c8/SrcWrapper/src/HAL/stm32yyxx_hal.c.o
                0x20000098                uwTick
 .bss.HardwareTimer_Handle
                0x2000009c       0x10 .pio/build/bluepill_f103c8/SrcWrapper/src/HardwareTimer.cpp.o
                0x2000009c                HardwareTimer_Handle
 .bss._ZL13gpio_irq_conf
                0x200000ac      0x140 .pio/build/bluepill_f103c8/SrcWrapper/src/stm32/interrupt.cpp.o
 .bss.uart_handlers
                0x200001ec        0xc .pio/build/bluepill_f103c8/SrcWrapper/src/stm32/uart.c.o
 .bss._ZL13buzzerOffAtMs
                0x200001f8        0x4 .pio/build/bluepill_f103c8/src/main.cpp.o
 .bss._ZL10ledOffAtMs
                0x200001fc        0x4 .pio/build/bluepill_f103c8/src/main.cpp.o
 .bss._ZL7rxCount
                0x20000200        0x4 .pio/build/bluepill_f103c8/src/main.cpp.o
 .bss._ZL8rxBuffer
                0x20000204        0x8 .pio/build/bluepill_f103c8/src/main.cpp.o
 .bss.Serial1   0x2000020c      0x118 .pio/build/bluepill_f103c8/libFrameworkArduino.a(HardwareSerial.cpp.o)
                0x2000020c                Serial1
 .bss.g_anOutputPinConfigured
                0x20000324       0x14 .pio/build/bluepill_f103c8/libFrameworkArduino.a(wiring_analog.c.o)
                0x20000324                g_anOutputPinConfigured
 .bss.__malloc_sbrk_start
                0x20000338        0x4 /home/develop/.platformio/packages/toolchain-gccarmnoneeabi/bin/../lib/gcc/arm-none-eabi/12.3.1/../../../../arm-none-eabi/lib/thumb/v7-m/nofp/libc_nano.a(libc_a-mallocr.o)
                0x20000338                __malloc_sbrk_start
 .bss.__malloc_free_list
                0x2000033c        0x4 /home/develop/.platformio/packages/toolchain-gccarmnoneeabi/bin/../lib/gcc/arm-none-eabi/12.3.1/../../../../arm-none-eabi/lib/thumb/v7-m/nofp/libc_nano.a(libc_a-mallocr.o)
                0x2000033c                __malloc_free_list
 .bss.__sf      0x20000340      0x138 /home/develop/.platformio/packages/toolchain-gccarmnoneeabi/bin/../lib/gcc/arm-none-eabi/12.3.1/../../../../arm-none-eabi/lib/thumb/v7-m/nofp/libc_nano.a(libc_a-findfp.o)
                0x20000340                __sf
 .bss.errno     0x20000478        0x4 /home/develop/.platformio/packages/toolchain-gccarmnoneeabi/bin/../lib/gcc/arm-none-eabi/12.3.1/../../../../arm-none-eabi/lib/thumb/v7-m/nofp/libc_nano.a(libc_a-reent.o)
                0x20000478                errno
 .bss.__lock___malloc_recursive_mutex
                0x2000047c        0x1 /home/develop/.platformio/packages/toolchain-gccarmnoneeabi/bin/../lib/gcc/arm-none-eabi/12.3.1/../../../../arm-none-eabi/lib/thumb/v7-m/nofp/libc_nano.a(libc_a-lock.o)
                0x2000047c                __lock___malloc_recursive_mutex
 *(COMMON)
                0x20000480                        . = ALIGN (0x4)
 *fill*         0x2000047d        0x3 
                0x20000480                        _ebss = .
                0x20000480                        __bss_end__ = _ebss
LOAD /home/develop/.platformio/packages/toolchain-gccarmnoneeabi/bin/../lib/gcc/arm-none-eabi/12.3.1/thumb/v7-m/nofp/crti.o
LOAD /home/develop/.platformio/packages/toolchain-gccarmnoneeabi/bin/../lib/gcc/arm-none-eabi/12.3.1/thumb/v7-m/nofp/crtbegin.o
LOAD /home/develop/.platformio/packages/toolchain-gccarmnoneeabi/bin/../lib/gcc/arm-none-eabi/12.3.1/../../../../arm-none-eabi/lib/thumb/v7-m/nofp/crt0.o
                0x00010000                        LD_MAX_SIZE = 0x10000
                0x00005000                        LD_MAX_DATA_SIZE = 0x5000
                0x00000000                        LD_FLASH_OFFSET = 0x0
LOAD .pio/build/bluepill_f103c8/FrameworkArduinoVariant/PeripheralPins.c.o
LOAD .pio/build/bluepill_f103c8/FrameworkArduinoVariant/PeripheralPins_MALYANM200_F103CB.c.o
LOAD .pio/build/bluepill_f103c8/FrameworkArduinoVariant/generic_clock.c.o
LOAD .pio/build/bluepill_f103c8/FrameworkArduinoVariant/startup_M200_f103xb.S.o
LOAD .pio/build/bluepill_f103c8/FrameworkArduinoVariant/variant_AFROFLIGHT_F103CB.cpp.o
LOAD .pio/build/bluepill_f103c8/FrameworkArduinoVariant/variant_MALYANM200_F103CB.cpp.o
LOAD .pio/build/bluepill_f103c8/FrameworkArduinoVariant/variant_MAPLEMINI_F103CB.cpp.o
LOAD .pio/build/bluepill_f103c8/FrameworkArduinoVariant/variant_PILL_F103Cx.cpp.o
LOAD .pio/build/bluepill_f103c8/FrameworkArduinoVariant/variant_generic.cpp.o
LOAD .pio/build/bluepill_f103c8/SrcWrapper/src/HAL/stm32yyxx_hal.c.o
LOAD .pio/build/bluepill_f103c8/SrcWrapper/src/HAL/stm32yyxx_hal_adc.c.o
LOAD .pio/build/bluepill_f103c8/SrcWrapper/src/HAL/stm32yyxx_hal_adc_ex.c.o
LOAD .pio/build/bluepill_f103c8/SrcWrapper/src/HAL/stm32yyxx_hal_can.c.o
LOAD .pio/build/bluepill_f103c8/SrcWrapper/src/HAL/stm32yyxx_hal_ccb.c.o
LOAD .pio/build/bluepill_f103c8/SrcWrapper/src/HAL/stm32yyxx_hal_cec.c.o
LOAD .pio/build/bluepill_f103c8/SrcWrapper/src/HAL/stm32yyxx_hal_comp.c.o
LOAD .pio/build/bluepill_f103c8/SrcWrapper/src/HAL/stm32yyxx_hal_comp_ex.c.o
LOAD .pio/build/bluepill_f103c8/SrcWrapper/src/HAL/stm32yyxx_hal_cordic.c.o
LOAD .pio/build/bluepill_f103c8/SrcWrapper/src/HAL/stm32yyxx_hal_cortex.c.o
LOAD .pio/build/bluepill_f103c8/SrcWrapper/src/HAL/stm32yyxx_hal_crc.c.o
LOAD .pio/build/bluepill_f103c8/SrcWrapper/src/HAL/stm32yyxx_hal_crc_ex.c.o
LOAD .pio/build/bluepill_f103c8/SrcWrapper/src/HAL/stm32yyxx_hal_cryp.c.o
LOAD .pio/build/bluepill_f103c8/SrcWrapper/src/HAL/stm32yyxx_hal_cryp_ex.c.o
LOAD .pio/build/bluepill_f103c8/SrcWrapper/src/HAL/stm32yyxx_hal_dac.c.o
LOAD .pio/build/bluepill_f103c8/SrcWrapper/src/HAL/stm32yyxx_hal_dac_ex.c.o
LOAD .pio/build/bluepill_f103c8/SrcWrapper/src/HAL/stm32yyxx_hal_dcache.c.o
LOAD .pio/build/bluepill_f103c8/SrcWrapper/src/HAL/stm32yyxx_hal_dcmi.c.o
LOAD .pio/build/bluepill_f103c8/SrcWrapper/src/HAL/stm32yyxx_hal_dcmi_ex.c.o
LOAD .pio/build/bluepill_f103c8/SrcWrapper/src/HAL/stm32yyxx_hal_dfsdm.c.o
LOAD .pio/build/bluepill_f103c8/SrcWrapper/src/HAL/stm32yyxx_hal_dfsdm_ex.c.o
LOAD .pio/build/bluepill_f103c8/SrcWrapper/src/HAL/stm32yyxx_hal_dma.c.o
LOAD .pio/build/bluepill_f103c8/SrcWrapper/src/HAL/stm32yyxx_hal_dma2d.c.o
LOAD .pio/build/bluepill_f103c8/SrcWrapper/src/HAL/stm32yyxx_hal_dma_ex.c.o
LOAD .pio/build/bluepill_f103c8/SrcWrapper/src/HAL/stm32yyxx_hal_dsi.c.o
LOAD .pio/build/bluepill_f103c8/SrcWrapper/src/HAL/stm32yyxx_hal_dts.c.o
LOAD .pio/build/bluepill_f103c8/SrcWrapper/src/HAL/stm32yyxx_hal_eth.c.o
LOAD .pio/build/bluepill_f103c8/SrcWrapper/src/HAL/stm32yyxx_hal_eth_ex.c.o
LOAD .pio/build/bluepill_f103c8/SrcWrapper/src/HAL/stm32yyxx_hal_exti.c.o
LOAD .pio/build/bluepill_f103c8/SrcWrapper/src/HAL/stm32yyxx_hal_fdcan.c.o
LOAD .pio/build/bluepill_f103c8/SrcWrapper/src/HAL/stm32yyxx_hal_firewall.c.o
LOAD .pio/build/bluepill_f103c8/SrcWrapper/src/HAL/stm32yyxx_hal_flash.c.o
LOAD .pio/build/bluepill_f103c8/SrcWrapper/src/HAL/stm32yyxx_hal_flash_ex.c.o
LOAD .pio/build/bluepill_f103c8/SrcWrapper/src/HAL/stm32yyxx_hal_flash_ramfunc.c.o
LOAD .pio/build/bluepill_f103c8/SrcWrapper/src/HAL/stm32yyxx_hal_fmac.c.o
LOAD .pio/build/bluepill_f103c8/SrcWrapper/src/HAL/stm32yyxx_hal_fmpi2c.c.o
LOAD .pio/build/bluepill_f103c8/SrcWrapper/src/HAL/stm32yyxx_hal_fmpi2c_ex.c.o
LOAD .pio/build/bluepill_f103c8/SrcWrapper/src/HAL/stm32yyxx_hal_fmpsmbus.c.o
LOAD .pio/build/bluepill_f103c8/SrcWrapper/src/HAL/stm32yyxx_hal_fmpsmbus_ex.c.o
LOAD .pio/build/bluepill_f103c8/SrcWrapper/src/HAL/stm32yyxx_hal_gfxmmu.c.o
LOAD .pio/build/bluepill_f103c8/SrcWrapper/src/HAL/stm32yyxx_hal_gfxtim.c.o
LOAD .pio/build/bluepill_f103c8/SrcWrapper/src/HAL/stm32yyxx_hal_gpio.c.o
LOAD .pio/build/bluepill_f103c8/SrcWrapper/src/HAL/stm32yyxx_hal_gpio_ex.c.o
LOAD .pio/build/bluepill_f103c8/SrcWrapper/src/HAL/stm32yyxx_hal_gpu2d.c.o
LOAD .pio/build/bluepill_f103c8/SrcWrapper/src/HAL/stm32yyxx_hal_gtzc.c.o
LOAD .pio/build/bluepill_f103c8/SrcWrapper/src/HAL/stm32yyxx_hal_hash.c.o
LOAD .pio/build/bluepill_f103c8/SrcWrapper/src/HAL/stm32yyxx_hal_hash_ex.c.o
LOAD .pio/build/bluepill_f103c8/SrcWrapper/src/HAL/stm32yyxx_hal_hcd.c.o
LOAD .pio/build/bluepill_f103c8/SrcWrapper/src/HAL/stm32yyxx_hal_hrtim.c.o
LOAD .pio/build/bluepill_f103c8/SrcWrapper/src/HAL/stm32yyxx_hal_hsem.c.o
LOAD .pio/build/bluepill_f103c8/SrcWrapper/src/HAL/stm32yyxx_hal_i2c.c.o
LOAD .pio/build/bluepill_f103c8/SrcWrapper/src/HAL/stm32yyxx_hal_i2c_ex.c.o
LOAD .pio/build/bluepill_f103c8/SrcWrapper/src/HAL/stm32yyxx_hal_i2s.c.o
LOAD .pio/build/bluepill_f103c8/SrcWrapper/src/HAL/stm32yyxx_hal_i2s_ex.c.o
LOAD .pio/build/bluepill_f103c8/SrcWrapper/src/HAL/stm32yyxx_hal_i3c.c.o
LOAD .pio/build/bluepill_f103c8/SrcWrapper/src/HAL/stm32yyxx_hal_icache.c.o
LOAD .pio/build/bluepill_f103c8/SrcWrapper/src/HAL/stm32yyxx_hal_ipcc.c.o
LOAD .pio/build/bluepill_f103c8/SrcWrapper/src/HAL/stm32yyxx_hal_irda.c.o
LOAD .pio/build/bluepill_f103c8/SrcWrapper/src/HAL/stm32yyxx_hal_iwdg.c.o
LOAD .pio/build/bluepill_f103c8/SrcWrapper/src/HAL/stm32yyxx_hal_jpeg.c.o
LOAD .pio/build/bluepill_f103c8/SrcWrapper/src/HAL/stm32yyxx_hal_lcd.c.o
LOAD .pio/build/bluepill_f103c8/SrcWrapper/src/HAL/stm32yyxx_hal_lptim.c.o
LOAD .pio/build/bluepill_f103c8/SrcWrapper/src/HAL/stm32yyxx_hal_ltdc.c.o
LOAD .pio/build/bluepill_f103c8/SrcWrapper/src/HAL/stm32yyxx_hal_ltdc_ex.c.o
LOAD .pio/build/bluepill_f103c8/SrcWrapper/src/HAL/stm32yyxx_hal_mdf.c.o
LOAD .pio/build/bluepill_f103c8/SrcWrapper/src/HAL/stm32yyxx_hal_mdios.c.o
LOAD .pio/build/bluepill_f103c8/SrcWrapper/src/HAL/stm32yyxx_hal_mdma.c.o
LOAD .pio/build/bluepill_f103c8/SrcWrapper/src/HAL/stm32yyxx_hal_mmc.c.o
LOAD .pio/build/bluepill_f103c8/SrcWrapper/src/HAL/stm32yyxx_hal_mmc_ex.c.o
LOAD .pio/build/bluepill_f103c8/SrcWrapper/src/HAL/stm32yyxx_hal_nand.c.o
LOAD .pio/build/bluepill_f103c8/SrcWrapper/src/HAL/stm32yyxx_hal_nor.c.o
LOAD .pio/build/bluepill_f103c8/SrcWrapper/src/HAL/stm32yyxx_hal_opamp.c.o
LOAD .pio/build/bluepill_f103c8/SrcWrapper/src/HAL/stm32yyxx_hal_opamp_ex.c.o
LOAD .pio/build/bluepill_f103c8/SrcWrapper/src/HAL/stm32yyxx_hal_ospi.c.o
LOAD .pio/build/bluepill_f103c8/SrcWrapper/src/HAL/stm32yyxx_hal_otfdec.c.o
LOAD .pio/build/bluepill_f103c8/SrcWrapper/src/HAL/stm32yyxx_hal_pccard.c.o
LOAD .pio/build/bluepill_f103c8/SrcWrapper/src/HAL/stm32yyxx_hal_pcd.c.o
LOAD .pio/build/bluepill_f103c8/SrcWrapper/src/HAL/stm32yyxx_hal_pcd_ex.c.o
LOAD .pio/build/bluepill_f103c8/SrcWrapper/src/HAL/stm32yyxx_hal_pka.c.o
LOAD .pio/build/bluepill_f103c8/SrcWrapper/src/HAL/stm32yyxx_hal_pssi.c.o
LOAD .pio/build/bluepill_f103c8/SrcWrapper/src/HAL/stm32yyxx_hal_pwr.c.o
LOAD .pio/build/bluepill_f103c8/SrcWrapper/src/HAL/stm32yyxx_hal_pwr_ex.c.o
LOAD .pio/build/bluepill_f103c8/SrcWrapper/src/HAL/stm32yyxx_hal_qspi.c.o
LOAD .pio/build/bluepill_f103c8/SrcWrapper/src/HAL/stm32yyxx_hal_ramcfg.c.o
LOAD .pio/build/bluepill_f103c8/SrcWrapper/src/HAL/stm32yyxx_hal_ramecc.c.o
LOAD .pio/build/bluepill_f103c8/SrcWrapper/src/HAL/stm32yyxx_hal_rcc.c.o
LOAD .pio/build/bluepill_f103c8/SrcWrapper/src/HAL/stm32yyxx_hal_rcc_ex.c.o
LOAD .pio/build/bluepill_f103c8/SrcWrapper/src/HAL/stm32yyxx_hal_rng.c.o
LOAD .pio/build/bluepill_f103c8/SrcWrapper/src/HAL/stm32yyxx_hal_rng_ex.c.o
LOAD .pio/build/bluepill_f103c8/SrcWrapper/src/HAL/stm32yyxx_hal_rtc.c.o
LOAD .pio/build/bluepill_f103c8/SrcWrapper/src/HAL/stm32yyxx_hal_rtc_ex.c.o
LOAD .pio/build/bluepill_f103c8/SrcWrapper/src/HAL/stm32yyxx_hal_sai.c.o
LOAD .pio/build/bluepill_f103c8/SrcWrapper/src/HAL/stm32yyxx_hal_sai_ex.c.o
LOAD .pio/build/bluepill_f103c8/SrcWrapper/src/HAL/stm32yyxx_hal_sd.c.o
LOAD .pio/build/bluepill_f103c8/SrcWrapper/src/HAL/stm32yyxx_hal_sd_ex.c.o
LOAD .pio/build/bluepill_f103c8/SrcWrapper/src/HAL/stm32yyxx_hal_sdadc.c.o
LOAD .pio/build/bluepill_f103c8/SrcWrapper/src/HAL/stm32yyxx_hal_sdio.c.o
LOAD .pio/build/bluepill_f103c8/SrcWrapper/src/HAL/stm32yyxx_hal_sdram.c.o
LOAD .pio/build/bluepill_f103c8/SrcWrapper/src/HAL/stm32yyxx_hal_smartcard.c.o
LOAD .pio/build/bluepill_f103c8/SrcWrapper/src/HAL/stm32yyxx_hal_smartcard_ex.c.o
LOAD .pio/build/bluepill_f103c8/SrcWrapper/src/HAL/stm32yyxx_hal_smbus.c.o
LOAD .pio/build/bluepill_f103c8/SrcWrapper/src/HAL/stm32yyxx_hal_smbus_ex.c.o
LOAD .pio/build/bluepill_f103c8/SrcWrapper/src/HAL/stm32yyxx_hal_spdifrx.c.o
LOAD .pio/build/bluepill_f103c8/SrcWrapper/src/HAL/stm32yyxx_hal_spi.c.o
LOAD .pio/build/bluepill_f103c8/SrcWrapper/src/HAL/stm32yyxx_hal_spi_ex.c.o
LOAD .pio/build/bluepill_f103c8/SrcWrapper/src/HAL/stm32yyxx_hal_sram.c.o
LOAD .pio/build/bluepill_f103c8/SrcWrapper/src/HAL/stm32yyxx_hal_subghz.c.o
LOAD .pio/build/bluepill_f103c8/SrcWrapper/src/HAL/stm32yyxx_hal_swpmi.c.o
LOAD .pio/build/bluepill_f103c8/SrcWrapper/src/HAL/stm32yyxx_hal_tim.c.o
LOAD .pio/build/bluepill_f103c8/SrcWrapper/src/HAL/stm32yyxx_hal_tim_ex.c.o
LOAD .pio/build/bluepill_f103c8/SrcWrapper/src/HAL/stm32yyxx_hal_tsc.c.o
LOAD .pio/build/bluepill_f103c8/SrcWrapper/src/HAL/stm32yyxx_hal_uart.c.o
LOAD .pio/build/bluepill_f103c8/SrcWrapper/src/HAL/stm32yyxx_hal_uart_ex.c.o
LOAD .pio/build/bluepill_f103c8/SrcWrapper/src/HAL/stm32yyxx_hal_usart.c.o
LOAD .pio/build/bluepill_f103c8/SrcWrapper/src/HAL/stm32yyxx_hal_usart_ex.c.o
LOAD .pio/build/bluepill_f103c8/SrcWrapper/src/HAL/stm32yyxx_hal_wwdg.c.o
LOAD .pio/build/bluepill_f103c8/SrcWrapper/src/HAL/stm32yyxx_hal_xspi.c.o
LOAD .pio/build/bluepill_f103c8/SrcWrapper/src/HardwareTimer.cpp.o
LOAD .pio/build/bluepill_f103c8/SrcWrapper/src/LL/stm32yyxx_ll_adc.c.o
LOAD .pio/build/bluepill_f103c8/SrcWrapper/src/LL/stm32yyxx_ll_bdma.c.o
LOAD .pio/build/bluepill_f103c8/SrcWrapper/src/LL/stm32yyxx_ll_comp.c.o
LOAD .pio/build/bluepill_f103c8/SrcWrapper/src/LL/stm32yyxx_ll_cordic.c.o
LOAD .pio/build/bluepill_f103c8/SrcWrapper/src/LL/stm32yyxx_ll_crc.c.o
LOAD .pio/build/bluepill_f103c8/SrcWrapper/src/LL/stm32yyxx_ll_crs.c.o
LOAD .pio/build/bluepill_f103c8/SrcWrapper/src/LL/stm32yyxx_ll_dac.c.o
LOAD .pio/build/bluepill_f103c8/SrcWrapper/src/LL/stm32yyxx_ll_delayblock.c.o
LOAD .pio/build/bluepill_f103c8/SrcWrapper/src/LL/stm32yyxx_ll_dlyb.c.o
LOAD .pio/build/bluepill_f103c8/SrcWrapper/src/LL/stm32yyxx_ll_dma.c.o
LOAD .pio/build/bluepill_f103c8/SrcWrapper/src/LL/stm32yyxx_ll_dma2d.c.o
LOAD .pio/build/bluepill_f103c8/SrcWrapper/src/LL/stm32yyxx_ll_exti.c.o
LOAD .pio/build/bluepill_f103c8/SrcWrapper/src/LL/stm32yyxx_ll_fmac.c.o
LOAD .pio/build/bluepill_f103c8/SrcWrapper/src/LL/stm32yyxx_ll_fmc.c.o
LOAD .pio/build/bluepill_f103c8/SrcWrapper/src/LL/stm32yyxx_ll_fmpi2c.c.o
LOAD .pio/build/bluepill_f103c8/SrcWrapper/src/LL/stm32yyxx_ll_fsmc.c.o
LOAD .pio/build/bluepill_f103c8/SrcWrapper/src/LL/stm32yyxx_ll_gpio.c.o
LOAD .pio/build/bluepill_f103c8/SrcWrapper/src/LL/stm32yyxx_ll_hrtim.c.o
LOAD .pio/build/bluepill_f103c8/SrcWrapper/src/LL/stm32yyxx_ll_i2c.c.o
LOAD .pio/build/bluepill_f103c8/SrcWrapper/src/LL/stm32yyxx_ll_i3c.c.o
LOAD .pio/build/bluepill_f103c8/SrcWrapper/src/LL/stm32yyxx_ll_icache.c.o
LOAD .pio/build/bluepill_f103c8/SrcWrapper/src/LL/stm32yyxx_ll_lpgpio.c.o
LOAD .pio/build/bluepill_f103c8/SrcWrapper/src/LL/stm32yyxx_ll_lptim.c.o
LOAD .pio/build/bluepill_f103c8/SrcWrapper/src/LL/stm32yyxx_ll_lpuart.c.o
LOAD .pio/build/bluepill_f103c8/SrcWrapper/src/LL/stm32yyxx_ll_mdma.c.o
LOAD .pio/build/bluepill_f103c8/SrcWrapper/src/LL/stm32yyxx_ll_opamp.c.o
LOAD .pio/build/bluepill_f103c8/SrcWrapper/src/LL/stm32yyxx_ll_pka.c.o
LOAD .pio/build/bluepill_f103c8/SrcWrapper/src/LL/stm32yyxx_ll_pwr.c.o
LOAD .pio/build/bluepill_f103c8/SrcWrapper/src/LL/stm32yyxx_ll_rcc.c.o
LOAD .pio/build/bluepill_f103c8/SrcWrapper/src/LL/stm32yyxx_ll_rng.c.o
LOAD .pio/build/bluepill_f103c8/SrcWrapper/src/LL/stm32yyxx_ll_rtc.c.o
LOAD .pio/build/bluepill_f103c8/SrcWrapper/src/LL/stm32yyxx_ll_sdmmc.c.o
LOAD .pio/build/bluepill_f103c8/SrcWrapper/src/LL/stm32yyxx_ll_spi.c.o
LOAD .pio/build/bluepill_f103c8/SrcWrapper/src/LL/stm32yyxx_ll_swpmi.c.o
LOAD .pio/build/bluepill_f103c8/SrcWrapper/src/LL/stm32yyxx_ll_tim.c.o
LOAD .pio/build/bluepill_f103c8/SrcWrapper/src/LL/stm32yyxx_ll_ucpd.c.o
LOAD .pio/build/bluepill_f103c8/SrcWrapper/src/LL/stm32yyxx_ll_usart.c.o
LOAD .pio/build/bluepill_f103c8/SrcWrapper/src/LL/stm32yyxx_ll_usb.c.o
LOAD .pio/build/bluepill_f103c8/SrcWrapper/src/LL/stm32yyxx_ll_utils.c.o
LOAD .pio/build/bluepill_f103c8/SrcWrapper/src/new.cpp.o
LOAD .pio/build/bluepill_f103c8/SrcWrapper/src/stm32/PortNames.c.o
LOAD .pio/build/bluepill_f103c8/SrcWrapper/src/stm32/analog.cpp.o
LOAD .pio/build/bluepill_f103c8/SrcWrapper/src/stm32/bootloader.c.o
LOAD .pio/build/bluepill_f103c8/SrcWrapper/src/stm32/clock.c.o
LOAD .pio/build/bluepill_f103c8/SrcWrapper/src/stm32/core_callback.c.o
LOAD .pio/build/bluepill_f103c8/SrcWrapper/src/stm32/dwt.c.o
LOAD .pio/build/bluepill_f103c8/SrcWrapper/src/stm32/hw_config.c.o
LOAD .pio/build/bluepill_f103c8/SrcWrapper/src/stm32/interrupt.cpp.o
LOAD .pio/build/bluepill_f103c8/SrcWrapper/src/stm32/otp.c.o
LOAD .pio/build/bluepill_f103c8/SrcWrapper/src/stm32/pinmap.c.o
LOAD .pio/build/bluepill_f103c8/SrcWrapper/src/stm32/stm32_def.c.o
LOAD .pio/build/bluepill_f103c8/SrcWrapper/src/stm32/system_stm32yyxx.c.o
LOAD .pio/build/bluepill_f103c8/SrcWrapper/src/stm32/timer.c.o
LOAD .pio/build/bluepill_f103c8/SrcWrapper/src/stm32/uart.c.o
LOAD .pio/build/bluepill_f103c8/SrcWrapper/src/syscalls.c.o
LOAD .pio/build/bluepill_f103c8/src/main.cpp.o
START GROUP
LOAD .pio/build/bluepill_f103c8/libFrameworkArduino.a
LOAD /home/develop/.platformio/packages/toolchain-gccarmnoneeabi/bin/../lib/gcc/arm-none-eabi/12.3.1/thumb/v7-m/nofp/libgcc.a
LOAD /home/develop/.platformio/packages/toolchain-gccarmnoneeabi/bin/../lib/gcc/arm-none-eabi/12.3.1/../../../../arm-none-eabi/lib/thumb/v7-m/nofp/libstdc++_nano.a
END GROUP
LOAD /home/develop/.platformio/packages/toolchain-gccarmnoneeabi/bin/../lib/gcc/arm-none-eabi/12.3.1/../../../../arm-none-eabi/lib/thumb/v7-m/nofp/libstdc++_nano.a
LOAD /home/develop/.platformio/packages/toolchain-gccarmnoneeabi/bin/../lib/gcc/arm-none-eabi/12.3.1/../../../../arm-none-eabi/lib/thumb/v7-m/nofp/libm.a
LOAD /home/develop/.platformio/packages/toolchain-gccarmnoneeabi/bin/../lib/gcc/arm-none-eabi/12.3.1/../../../../arm-none-eabi/lib/thumb/v7-m/nofp/libc_nano.a
START GROUP
LOAD /home/develop/.platformio/packages/toolchain-gccarmnoneeabi/bin/../lib/gcc/arm-none-eabi/12.3.1/thumb/v7-m/nofp/libgcc.a
LOAD /home/develop/.platformio/packages/toolchain-gccarmnoneeabi/bin/../lib/gcc/arm-none-eabi/12.3.1/../../../../arm-none-eabi/lib/thumb/v7-m/nofp/libc_nano.a
END GROUP
START GROUP
LOAD /home/develop/.platformio/packages/toolchain-gccarmnoneeabi/bin/../lib/gcc/arm-none-eabi/12.3.1/thumb/v7-m/nofp/libgcc.a
LOAD /home/develop/.platformio/packages/toolchain-gccarmnoneeabi/bin/../lib/gcc/arm-none-eabi/12.3.1/../../../../arm-none-eabi/lib/thumb/v7-m/nofp/libc_nano.a
END GROUP
LOAD /home/develop/.platformio/packages/toolchain-gccarmnoneeabi/bin/../lib/gcc/arm-none-eabi/12.3.1/thumb/v7-m/nofp/crtend.o
LOAD /home/develop/.platformio/packages/toolchain-gccarmnoneeabi/bin/../lib/gcc/arm-none-eabi/12.3.1/thumb/v7-m/nofp/crtn.o

.noinit         0x20000480        0x0
                0x20000480                        . = ALIGN (0x4)
                0x20000480                        _snoinit = .
 *(.noinit)
 *(.noinit*)
                0x20000480                        . = ALIGN (0x4)
                0x20000480                        _enoinit = .

._user_heap_stack
                0x20000480      0x600
                0x20000480                        . = ALIGN (0x8)
                [!provide]                        PROVIDE (end = .)
                0x20000480                        PROVIDE (_end = .)
                0x20000680                        . = (. + _Min_Heap_Size)
 *fill*         0x20000480      0x200 
                0x20000a80                        . = (. + _Min_Stack_Size)
 *fill*         0x20000680      0x400 
                0x20000a80                        . = ALIGN (0x8)

/DISCARD/
 libc.a(*)
 libm.a(*)
 libgcc.a(*)

.ARM.attributes
                0x00000000       0x29
 *(.ARM.attributes)
 .ARM.attributes
                0x00000000       0x1d /home/develop/.platformio/packages/toolchain-gccarmnoneeabi/bin/../lib/gcc/arm-none-eabi/12.3.1/thumb/v7-m/nofp/crti.o
 .ARM.attributes
                0x0000001d       0x2d /home/develop/.platformio/packages/toolchain-gccarmnoneeabi/bin/../lib/gcc/arm-none-eabi/12.3.1/thumb/v7-m/nofp/crtbegin.o
 .ARM.attributes
                0x0000004a       0x2d .pio/build/bluepill_f103c8/FrameworkArduinoVariant/PeripheralPins.c.o
 .ARM.attributes
                0x00000077       0x21 .pio/build/bluepill_f103c8/FrameworkArduinoVariant/startup_M200_f103xb.S.o
 .ARM.attributes
                0x00000098       0x2d .pio/build/bluepill_f103c8/FrameworkArduinoVariant/variant_PILL_F103Cx.cpp.o
 .ARM.attributes
                0x000000c5       0x2d .pio/build/bluepill_f103c8/SrcWrapper/src/HAL/stm32yyxx_hal.c.o
 .ARM.attributes
                0x000000f2       0x2d .pio/build/bluepill_f103c8/SrcWrapper/src/HAL/stm32yyxx_hal_cortex.c.o
 .ARM.attributes
                0x0000011f       0x2d .pio/build/bluepill_f103c8/SrcWrapper/src/HAL/stm32yyxx_hal_crc.c.o
 .ARM.attributes
                0x0000014c       0x2d .pio/build/bluepill_f103c8/SrcWrapper/src/HAL/stm32yyxx_hal_dma.c.o
 .ARM.attributes
                0x00000179       0x2d .pio/build/bluepill_f103c8/SrcWrapper/src/HAL/stm32yyxx_hal_gpio.c.o
 .ARM.attributes
                0x000001a6       0x2d .pio/build/bluepill_f103c8/SrcWrapper/src/HAL/stm32yyxx_hal_rcc.c.o
 .ARM.attributes
                0x000001d3       0x2d .pio/build/bluepill_f103c8/SrcWrapper/src/HAL/stm32yyxx_hal_rcc_ex.c.o
 .ARM.attributes
                0x00000200       0x2d .pio/build/bluepill_f103c8/SrcWrapper/src/HAL/stm32yyxx_hal_tim.c.o
 .ARM.attributes
                0x0000022d       0x2d .pio/build/bluepill_f103c8/SrcWrapper/src/HAL/stm32yyxx_hal_tim_ex.c.o
 .ARM.attributes
                0x0000025a       0x2d .pio/build/bluepill_f103c8/SrcWrapper/src/HAL/stm32yyxx_hal_uart.c.o
 .ARM.attributes
                0x00000287       0x2d .pio/build/bluepill_f103c8/SrcWrapper/src/HardwareTimer.cpp.o
 .ARM.attributes
                0x000002b4       0x2d .pio/build/bluepill_f103c8/SrcWrapper/src/new.cpp.o
 .ARM.attributes
                0x000002e1       0x2d .pio/build/bluepill_f103c8/SrcWrapper/src/stm32/PortNames.c.o
 .ARM.attributes
                0x0000030e       0x2d .pio/build/bluepill_f103c8/SrcWrapper/src/stm32/analog.cpp.o
 .ARM.attributes
                0x0000033b       0x2d .pio/build/bluepill_f103c8/SrcWrapper/src/stm32/clock.c.o
 .ARM.attributes
                0x00000368       0x2d .pio/build/bluepill_f103c8/SrcWrapper/src/stm32/dwt.c.o
 .ARM.attributes
                0x00000395       0x2d .pio/build/bluepill_f103c8/SrcWrapper/src/stm32/hw_config.c.o
 .ARM.attributes
                0x000003c2       0x2d .pio/build/bluepill_f103c8/SrcWrapper/src/stm32/interrupt.cpp.o
 .ARM.attributes
                0x000003ef       0x2d .pio/build/bluepill_f103c8/SrcWrapper/src/stm32/pinmap.c.o
 .ARM.attributes
                0x0000041c       0x2d .pio/build/bluepill_f103c8/SrcWrapper/src/stm32/system_stm32yyxx.c.o
 .ARM.attributes
                0x00000449       0x2d .pio/build/bluepill_f103c8/SrcWrapper/src/stm32/timer.c.o
 .ARM.attributes
                0x00000476       0x2d .pio/build/bluepill_f103c8/SrcWrapper/src/stm32/uart.c.o
 .ARM.attributes
                0x000004a3       0x2d .pio/build/bluepill_f103c8/SrcWrapper/src/syscalls.c.o
 .ARM.attributes
                0x000004d0       0x2d .pio/build/bluepill_f103c8/src/main.cpp.o
 .ARM.attributes
                0x000004fd       0x2d .pio/build/bluepill_f103c8/libFrameworkArduino.a(HardwareSerial.cpp.o)
 .ARM.attributes
                0x0000052a       0x2d .pio/build/bluepill_f103c8/libFrameworkArduino.a(Stream.cpp.o)
 .ARM.attributes
                0x00000557       0x2d .pio/build/bluepill_f103c8/libFrameworkArduino.a(main.cpp.o)
 .ARM.attributes
                0x00000584       0x2d .pio/build/bluepill_f103c8/libFrameworkArduino.a(wiring_digital.c.o)
 .ARM.attributes
                0x000005b1       0x2d .pio/build/bluepill_f103c8/libFrameworkArduino.a(wiring_time.c.o)
 .ARM.attributes
                0x000005de       0x2d .pio/build/bluepill_f103c8/libFrameworkArduino.a(WSerial.cpp.o)
 .ARM.attributes
                0x0000060b       0x2d .pio/build/bluepill_f103c8/libFrameworkArduino.a(board.c.o)
 .ARM.attributes
                0x00000638       0x2d .pio/build/bluepill_f103c8/libFrameworkArduino.a(wiring_analog.c.o)
 .ARM.attributes
                0x00000665       0x2d /home/develop/.platformio/packages/toolchain-gccarmnoneeabi/bin/../lib/gcc/arm-none-eabi/12.3.1/../../../../arm-none-eabi/lib/thumb/v7-m/nofp/libstdc++_nano.a(functional.o)
 .ARM.attributes
                0x00000692       0x2d /home/develop/.platformio/packages/toolchain-gccarmnoneeabi/bin/../lib/gcc/arm-none-eabi/12.3.1/../../../../arm-none-eabi/lib/thumb/v7-m/nofp/libc_nano.a(libc_a-abort.o)
 .ARM.attributes
                0x000006bf       0x2d /home/develop/.platformio/packages/toolchain-gccarmnoneeabi/bin/../lib/gcc/arm-none-eabi/12.3.1/../../../../arm-none-eabi/lib/thumb/v7-m/nofp/libc_nano.a(libc_a-malloc.o)
 .ARM.attributes
                0x000006ec       0x2d /home/develop/.platformio/packages/toolchain-gccarmnoneeabi/bin/../lib/gcc/arm-none-eabi/12.3.1/../../../../arm-none-eabi/lib/thumb/v7-m/nofp/libc_nano.a(libc_a-mallocr.o)
 .ARM.attributes
                0x00000719       0x2d /home/develop/.platformio/packages/toolchain-gccarmnoneeabi/bin/../lib/gcc/arm-none-eabi/12.3.1/../../../../arm-none-eabi/lib/thumb/v7-m/nofp/libc_nano.a(libc_a-mlock.o)
 .ARM.attributes
                0x00000746       0x2d /home/develop/.platformio/packages/toolchain-gccarmnoneeabi/bin/../lib/gcc/arm-none-eabi/12.3.1/../../../../arm-none-eabi/lib/thumb/v7-m/nofp/libc_nano.a(libc_a-findfp.o)
 .ARM.attributes
                0x00000773       0x2d /home/develop/.platformio/packages/toolchain-gccarmnoneeabi/bin/../lib/gcc/arm-none-eabi/12.3.1/../../../../arm-none-eabi/lib/thumb/v7-m/nofp/libc_nano.a(libc_a-memset.o)
 .ARM.attributes
                0x000007a0       0x2d /home/develop/.platformio/packages/toolchain-gccarmnoneeabi/bin/../lib/gcc/arm-none-eabi/12.3.1/../../../../arm-none-eabi/lib/thumb/v7-m/nofp/libc_nano.a(libc_a-signal.o)
 .ARM.attributes
                0x000007cd       0x2d /home/develop/.platformio/packages/toolchain-gccarmnoneeabi/bin/../lib/gcc/arm-none-eabi/12.3.1/../../../../arm-none-eabi/lib/thumb/v7-m/nofp/libc_nano.a(libc_a-reent.o)
 .ARM.attributes
                0x000007fa       0x2d /home/develop/.platformio/packages/toolchain-gccarmnoneeabi/bin/../lib/gcc/arm-none-eabi/12.3.1/../../../../arm-none-eabi/lib/thumb/v7-m/nofp/libc_nano.a(libc_a-impure.o)
 .ARM.attributes
                0x00000827       0x2d /home/develop/.platformio/packages/toolchain-gccarmnoneeabi/bin/../lib/gcc/arm-none-eabi/12.3.1/../../../../arm-none-eabi/lib/thumb/v7-m/nofp/libc_nano.a(libc_a-signalr.o)
 .ARM.attributes
                0x00000854       0x2d /home/develop/.platformio/packages/toolchain-gccarmnoneeabi/bin/../lib/gcc/arm-none-eabi/12.3.1/../../../../arm-none-eabi/lib/thumb/v7-m/nofp/libc_nano.a(libc_a-sbrkr.o)
 .ARM.attributes
                0x00000881       0x2d /home/develop/.platformio/packages/toolchain-gccarmnoneeabi/bin/../lib/gcc/arm-none-eabi/12.3.1/../../../../arm-none-eabi/lib/thumb/v7-m/nofp/libc_nano.a(libc_a-init.o)
 .ARM.attributes
                0x000008ae       0x2d /home/develop/.platformio/packages/toolchain-gccarmnoneeabi/bin/../lib/gcc/arm-none-eabi/12.3.1/../../../../arm-none-eabi/lib/thumb/v7-m/nofp/libc_nano.a(libc_a-lock.o)
 .ARM.attributes
                0x000008db       0x2d /home/develop/.platformio/packages/toolchain-gccarmnoneeabi/bin/../lib/gcc/arm-none-eabi/12.3.1/../../../../arm-none-eabi/lib/thumb/v7-m/nofp/libc_nano.a(libc_a-memcpy-stub.o)
 .ARM.attributes
                0x00000908       0x2d /home/develop/.platformio/packages/toolchain-gccarmnoneeabi/bin/../lib/gcc/arm-none-eabi/12.3.1/../../../../arm-none-eabi/lib/thumb/v7-m/nofp/libc_nano.a(libc_a-freer.o)
 .ARM.attributes
                0x00000935       0x1d /home/develop/.platformio/packages/toolchain-gccarmnoneeabi/bin/../lib/gcc/arm-none-eabi/12.3.1/thumb/v7-m/nofp/crtn.o
OUTPUT(.pio/build/bluepill_f103c8/firmware.elf elf32-littlearm)
LOAD linker stubs
LOAD /home/develop/.platformio/packages/toolchain-gccarmnoneeabi/bin/../lib/gcc/arm-none-eabi/12.3.1/../../../../arm-none-eabi/lib/thumb/v7-m/nofp/libc.a
LOAD /home/develop/.platformio/packages/toolchain-gccarmnoneeabi/bin/../lib/gcc/arm-none-eabi/12.3.1/../../../../arm-none-eabi/lib/thumb/v7-m/nofp/libm.a
LOAD /home/develop/.platformio/packages/toolchain-gccarmnoneeabi/bin/../lib/gcc/arm-none-eabi/12.3.1/thumb/v7-m/nofp/libgcc.a

.comment        0x00000000       0x3a
 .comment       0x00000000       0x3a /home/develop/.platformio/packages/toolchain-gccarmnoneeabi/bin/../lib/gcc/arm-none-eabi/12.3.1/thumb/v7-m/nofp/crtbegin.o
                                 0x3b (size before relaxing)
 .comment       0x0000003a       0x3b .pio/build/bluepill_f103c8/FrameworkArduinoVariant/PeripheralPins.c.o
 .comment       0x0000003a       0x3b .pio/build/bluepill_f103c8/FrameworkArduinoVariant/variant_PILL_F103Cx.cpp.o
 .comment       0x0000003a       0x3b .pio/build/bluepill_f103c8/SrcWrapper/src/HAL/stm32yyxx_hal.c.o
 .comment       0x0000003a       0x3b .pio/build/bluepill_f103c8/SrcWrapper/src/HAL/stm32yyxx_hal_cortex.c.o
 .comment       0x0000003a       0x3b .pio/build/bluepill_f103c8/SrcWrapper/src/HAL/stm32yyxx_hal_crc.c.o
 .comment       0x0000003a       0x3b .pio/build/bluepill_f103c8/SrcWrapper/src/HAL/stm32yyxx_hal_dma.c.o
 .comment       0x0000003a       0x3b .pio/build/bluepill_f103c8/SrcWrapper/src/HAL/stm32yyxx_hal_gpio.c.o
 .comment       0x0000003a       0x3b .pio/build/bluepill_f103c8/SrcWrapper/src/HAL/stm32yyxx_hal_rcc.c.o
 .comment       0x0000003a       0x3b .pio/build/bluepill_f103c8/SrcWrapper/src/HAL/stm32yyxx_hal_rcc_ex.c.o
 .comment       0x0000003a       0x3b .pio/build/bluepill_f103c8/SrcWrapper/src/HAL/stm32yyxx_hal_tim.c.o
 .comment       0x0000003a       0x3b .pio/build/bluepill_f103c8/SrcWrapper/src/HAL/stm32yyxx_hal_tim_ex.c.o
 .comment       0x0000003a       0x3b .pio/build/bluepill_f103c8/SrcWrapper/src/HAL/stm32yyxx_hal_uart.c.o
 .comment       0x0000003a       0x3b .pio/build/bluepill_f103c8/SrcWrapper/src/HardwareTimer.cpp.o
 .comment       0x0000003a       0x3b .pio/build/bluepill_f103c8/SrcWrapper/src/new.cpp.o
 .comment       0x0000003a       0x3b .pio/build/bluepill_f103c8/SrcWrapper/src/stm32/PortNames.c.o
 .comment       0x0000003a       0x3b .pio/build/bluepill_f103c8/SrcWrapper/src/stm32/analog.cpp.o
 .comment       0x0000003a       0x3b .pio/build/bluepill_f103c8/SrcWrapper/src/stm32/clock.c.o
 .comment       0x0000003a       0x3b .pio/build/bluepill_f103c8/SrcWrapper/src/stm32/dwt.c.o
 .comment       0x0000003a       0x3b .pio/build/bluepill_f103c8/SrcWrapper/src/stm32/hw_config.c.o
 .comment       0x0000003a       0x3b .pio/build/bluepill_f103c8/SrcWrapper/src/stm32/interrupt.cpp.o
 .comment       0x0000003a       0x3b .pio/build/bluepill_f103c8/SrcWrapper/src/stm32/pinmap.c.o
 .comment       0x0000003a       0x3b .pio/build/bluepill_f103c8/SrcWrapper/src/stm32/system_stm32yyxx.c.o
 .comment       0x0000003a       0x3b .pio/build/bluepill_f103c8/SrcWrapper/src/stm32/timer.c.o
 .comment       0x0000003a       0x3b .pio/build/bluepill_f103c8/SrcWrapper/src/stm32/uart.c.o
 .comment       0x0000003a       0x3b .pio/build/bluepill_f103c8/SrcWrapper/src/syscalls.c.o
 .comment       0x0000003a       0x3b .pio/build/bluepill_f103c8/src/main.cpp.o
 .comment       0x0000003a       0x3b .pio/build/bluepill_f103c8/libFrameworkArduino.a(HardwareSerial.cpp.o)
 .comment       0x0000003a       0x3b .pio/build/bluepill_f103c8/libFrameworkArduino.a(Stream.cpp.o)
 .comment       0x0000003a       0x3b .pio/build/bluepill_f103c8/libFrameworkArduino.a(main.cpp.o)
 .comment       0x0000003a       0x3b .pio/build/bluepill_f103c8/libFrameworkArduino.a(wiring_digital.c.o)
 .comment       0x0000003a       0x3b .pio/build/bluepill_f103c8/libFrameworkArduino.a(wiring_time.c.o)
 .comment       0x0000003a       0x3b .pio/build/bluepill_f103c8/libFrameworkArduino.a(WSerial.cpp.o)
 .comment       0x0000003a       0x3b .pio/build/bluepill_f103c8/libFrameworkArduino.a(board.c.o)
 .comment       0x0000003a       0x3b .pio/build/bluepill_f103c8/libFrameworkArduino.a(wiring_analog.c.o)
 .comment       0x0000003a       0x3b /home/develop/.platformio/packages/toolchain-gccarmnoneeabi/bin/../lib/gcc/arm-none-eabi/12.3.1/../../../../arm-none-eabi/lib/thumb/v7-m/nofp/libstdc++_nano.a(functional.o)
 .comment       0x0000003a       0x3b /home/develop/.platformio/packages/toolchain-gccarmnoneeabi/bin/../lib/gcc/arm-none-eabi/12.3.1/../../../../arm-none-eabi/lib/thumb/v7-m/nofp/libc_nano.a(libc_a-abort.o)
 .comment       0x0000003a       0x3b /home/develop/.platformio/packages/toolchain-gccarmnoneeabi/bin/../lib/gcc/arm-none-eabi/12.3.1/../../../../arm-none-eabi/lib/thumb/v7-m/nofp/libc_nano.a(libc_a-malloc.o)
 .comment       0x0000003a       0x3b /home/develop/.platformio/packages/toolchain-gccarmnoneeabi/bin/../lib/gcc/arm-none-eabi/12.3.1/../../../../arm-none-eabi/lib/thumb/v7-m/nofp/libc_nano.a(libc_a-mallocr.o)
 .comment       0x0000003a       0x3b /home/develop/.platformio/packages/toolchain-gccarmnoneeabi/bin/../lib/gcc/arm-none-eabi/12.3.1/../../../../arm-none-eabi/lib/thumb/v7-m/nofp/libc_nano.a(libc_a-mlock.o)
 .comment       0x0000003a       0x3b /home/develop/.platformio/packages/toolchain-gccarmnoneeabi/bin/../lib/gcc/arm-none-eabi/12.3.1/../../../../arm-none-eabi/lib/thumb/v7-m/nofp/libc_nano.a(libc_a-findfp.o)
 .comment       0x0000003a       0x3b /home/develop/.platformio/packages/toolchain-gccarmnoneeabi/bin/../lib/gcc/arm-none-eabi/12.3.1/../../../../arm-none-eabi/lib/thumb/v7-m/nofp/libc_nano.a(libc_a-memset.o)
 .comment       0x0000003a       0x3b /home/develop/.platformio/packages/toolchain-gccarmnoneeabi/bin/../lib/gcc/arm-none-eabi/12.3.1/../../../../arm-none-eabi/lib/thumb/v7-m/nofp/libc_nano.a(libc_a-signal.o)
 .comment       0x0000003a       0x3b /home/develop/.platformio/packages/toolchain-gccarmnoneeabi/bin/../lib/gcc/arm-none-eabi/12.3.1/../../../../arm-none-eabi/lib/thumb/v7-m/nofp/libc_nano.a(libc_a-reent.o)
 .comment       0x0000003a       0x3b /home/develop/.platformio/packages/toolchain-gccarmnoneeabi/bin/../lib/gcc/arm-none-eabi/12.3.1/../../../../arm-none-eabi/lib/thumb/v7-m/nofp/libc_nano.a(libc_a-impure.o)
 .comment       0x0000003a       0x3b /home/develop/.platformio/packages/toolchain-gccarmnoneeabi/bin/../lib/gcc/arm-none-eabi/12.3.1/../../../../arm-none-eabi/lib/thumb/v7-m/nofp/libc_nano.a(libc_a-signalr.o)
 .comment       0x0000003a       0x3b /home/develop/.platformio/packages/toolchain-gccarmnoneeabi/bin/../lib/gcc/arm-none-eabi/12.3.1/../../../../arm-none-eabi/lib/thumb/v7-m/nofp/libc_nano.a(libc_a-sbrkr.o)
 .comment       0x0000003a       0x3b /home/develop/.platformio/packages/toolchain-gccarmnoneeabi/bin/../lib/gcc/arm-none-eabi/12.3.1/../../../../arm-none-eabi/lib/thumb/v7-m/nofp/libc_nano.a(libc_a-init.o)
 .comment       0x0000003a       0x3b /home/develop/.platformio/packages/toolchain-gccarmnoneeabi/bin/../lib/gcc/arm-none-eabi/12.3.1/../../../../arm-none-eabi/lib/thumb/v7-m/nofp/libc_nano.a(libc_a-lock.o)
 .comment       0x0000003a       0x3b /home/develop/.platformio/packages/toolchain-gccarmnoneeabi/bin/../lib/gcc/arm-none-eabi/12.3.1/../../../../arm-none-eabi/lib/thumb/v7-m/nofp/libc_nano.a(libc_a-memcpy-stub.o)
 .comment       0x0000003a       0x3b /home/develop/.platformio/packages/toolchain-gccarmnoneeabi/bin/../lib/gcc/arm-none-eabi/12.3.1/../../../../arm-none-eabi/lib/thumb/v7-m/nofp/libc_nano.a(libc_a-freer.o)
